******************************************************************************
                  TI ARM Linker PC v16.9.7                     
******************************************************************************
>> Linked Sun Apr 22 20:57:33 2018

OUTPUT FILE NAME:   <Project2_FreeRTOS_TIVA.out>
ENTRY POINT SYMBOL: "_c_int00"  address: 00003be5


MEMORY CONFIGURATION

         name            origin    length      used     unused   attr    fill
----------------------  --------  ---------  --------  --------  ----  --------
  FLASH                 00000000   00100000  00004a6c  000fb594  R  X
  SRAM                  20000000   00040000  00007a20  000385e0  RW X


SEGMENT ALLOCATION MAP

run origin  load origin   length   init length attrs members
----------  ----------- ---------- ----------- ----- -------
00000000    00000000    00004a70   00004a70    r-x
  00000000    00000000    0000026c   0000026c    r-- .intvecs
  0000026c    0000026c    000043ac   000043ac    r-x .text
  00004618    00004618    0000040c   0000040c    r-- .const
  00004a28    00004a28    00000048   00000048    r-- .cinit
20000000    20000000    00007a20   00000000    rw-
  20000000    20000000    000077bc   00000000    rw- .bss
  200077bc    200077bc    00000200   00000000    rw- .stack
  200079bc    200079bc    00000064   00000000    rw- .data


SECTION ALLOCATION MAP

 output                                  attributes/
section   page    origin      length       input sections
--------  ----  ----------  ----------   ----------------
.intvecs   0    00000000    0000026c     
                  00000000    0000026c     startup_ccs.obj (.intvecs)

.text      0    0000026c    000043ac     
                  0000026c    0000113e     rtsv7M4_T_le_v4SPD16_eabi.lib : _printfi.obj (.text)
                  000013aa    00000002     startup_ccs.obj (.text:FaultISR)
                  000013ac    00000234     my_uart.obj (.text:UART_printf)
                  000015e0    00000200     driverlib.lib : sysctl.obj (.text:SysCtlClockFreqSet)
                  000017e0    000001f4     rtsv7M4_T_le_v4SPD16_eabi.lib : ull_div_t2.obj (.text)
                  000019d4    000001b6                                   : fd_add_t2.obj (.text)
                  00001b8a    00000002     startup_ccs.obj (.text:IntDefaultHandler)
                  00001b8c    0000016c     queue.obj (.text:xQueueGenericReceive)
                  00001cf8    00000138     tasks.obj (.text:xTaskGenericCreate)
                  00001e30    00000136     rtsv7M4_T_le_v4SPD16_eabi.lib : fd_div_t2.obj (.text)
                  00001f66    00000002     startup_ccs.obj (.text:NmiSR)
                  00001f68    00000134     tasks.obj (.text:xTaskIncrementTick)
                  0000209c    00000132     driverlib.lib : gpio.obj (.text:GPIOPadConfigSet)
                  000021ce    00000002     rtsv7M4_T_le_v4SPD16_eabi.lib : i_div0.obj (.text)
                  000021d0    00000128     queue.obj (.text:xQueueGenericSend)
                  000022f8    0000011c     heap_2.obj (.text:pvPortMalloc)
                  00002414    000000fc     rtsv7M4_T_le_v4SPD16_eabi.lib : fd_mul_t2.obj (.text)
                  00002510    000000fc                                   : s_scalbn.obj (.text)
                  0000260c    000000fc     tasks.obj (.text:xTaskResumeAll)
                  00002708    000000e8     timers.obj (.text:prvProcessReceivedCommands)
                  000027f0    000000d2     portasm.obj (.text)
                  000028c2    00000002     rtsv7M4_T_le_v4SPD16_eabi.lib : mpu_init.obj (.text)
                  000028c4    000000c8     tasks.obj (.text:vTaskPriorityInherit)
                  0000298c    000000bc     queue.obj (.text:prvCopyDataToQueue)
                  00002a48    000000b8     tasks.obj (.text:vTaskSwitchContext)
                  00002b00    000000b0     my_uart.obj (.text:UART_config)
                  00002bb0    000000a8     tasks.obj (.text:xTaskPriorityDisinherit)
                  00002c58    000000a4     timers.obj (.text:prvSwitchTimerLists)
                  00002cfc    000000a0     queue.obj (.text:xQueueGenericReset)
                  00002d9c    0000009c     rtsv7M4_T_le_v4SPD16_eabi.lib : memcpy_t2.obj (.text)
                  00002e38    0000009a     tasks.obj (.text:prvInitialiseTCBVariables)
                  00002ed2    00000002     rtsv7M4_T_le_v4SPD16_eabi.lib : startup.obj (.text)
                  00002ed4    00000094     application.obj (.text:application_run)
                  00002f68    00000090     tasks.obj (.text:xTaskRemoveFromEventList)
                  00002ff8    0000008c     queue.obj (.text:xQueueGenericSendFromISR)
                  00003084    00000086     rtsv7M4_T_le_v4SPD16_eabi.lib : fd_cmp_t2.obj (.text:__aeabi_cdcmple)
                  0000310a    00000086                                   : fd_cmp_t2.obj (.text:__aeabi_cdrcmple)
                  00003190    00000084     timers.obj (.text:prvProcessTimerOrBlockTask)
                  00003214    00000084     tasks.obj (.text:xTaskCheckForTimeOut)
                  00003298    00000082     queue.obj (.text:prvUnlockQueue)
                  0000331a    00000002     --HOLE-- [fill = 0]
                  0000331c    0000007c     tasks.obj (.text:vTaskStartScheduler)
                  00003398    0000007a     rtsv7M4_T_le_v4SPD16_eabi.lib : memset_t2.obj (.text)
                  00003412    00000002     --HOLE-- [fill = 0]
                  00003414    00000078     timers.obj (.text:prvInsertTimerInActiveList)
                  0000348c    00000074     tasks.obj (.text:prvInitialiseTaskLists)
                  00003500    00000070     my_uart.obj (.text:convert)
                  00003570    00000070     rtsv7M4_T_le_v4SPD16_eabi.lib : autoinit.obj (.text)
                  000035e0    00000070     heap_2.obj (.text:vPortFree)
                  00003650    00000070     tasks.obj (.text:vTaskPlaceOnEventListRestricted)
                  000036c0    00000070     queue.obj (.text:xQueueGenericCreate)
                  00003730    00000070     timers.obj (.text:xTimerGenericCommand)
                  000037a0    00000068     rtsv7M4_T_le_v4SPD16_eabi.lib : copy_decompress_lzss.obj (.text:decompress:lzss)
                  00003808    00000068     timers.obj (.text:prvCheckForValidListAndQueue)
                  00003870    00000068     tasks.obj (.text:prvCheckTasksWaitingTermination)
                  000038d8    00000068     tasks.obj (.text:vTaskPlaceOnEventList)
                  00003940    00000066     list.obj (.text:vListInsert)
                  000039a6    00000002     --HOLE-- [fill = 0]
                  000039a8    00000064     rtsv7M4_T_le_v4SPD16_eabi.lib : s_frexp.obj (.text)
                  00003a0c    00000060     timers.obj (.text:prvProcessExpiredTimer)
                  00003a6c    00000060     rtsv7M4_T_le_v4SPD16_eabi.lib : sprintf.obj (.text)
                  00003acc    0000005e     tasks.obj (.text:prvAllocateTCBAndStack)
                  00003b2a    00000002     --HOLE-- [fill = 0]
                  00003b2c    0000005c     tasks.obj (.text:prvAddCurrentTaskToDelayedList)
                  00003b88    0000005c     port.obj (.text:pxPortInitialiseStack)
                  00003be4    00000054     rtsv7M4_T_le_v4SPD16_eabi.lib : boot.obj (.text)
                  00003c38    00000054                                   : exit.obj (.text)
                  00003c8c    00000054                                   : ltoa.obj (.text)
                  00003ce0    00000054     queue.obj (.text:vQueueWaitForMessageRestricted)
                  00003d34    00000050     heap_2.obj (.text:prvHeapInit)
                  00003d84    0000004c     rtsv7M4_T_le_v4SPD16_eabi.lib : atoi.obj (.text)
                  00003dd0    0000004c                                   : cpy_tbl.obj (.text)
                  00003e1c    0000004c     queue.obj (.text:vQueueAddToRegistry)
                  00003e68    00000048     driverlib.lib : gpio.obj (.text:GPIOPinConfigure)
                  00003eb0    00000048     my_uart.obj (.text:UART_putstr)
                  00003ef8    00000048     driverlib.lib : sysctl.obj (.text:_SysCtlFrequencyGet)
                  00003f40    00000048     rtsv7M4_T_le_v4SPD16_eabi.lib : fd_toi_t2.obj (.text)
                  00003f88    00000048     list.obj (.text:uxListRemove)
                  00003fd0    00000048     timers.obj (.text:xTimerCreateTimerTask)
                  00004018    00000046     driverlib.lib : uart.obj (.text:UARTConfigSetExpClk)
                  0000405e    00000002     --HOLE-- [fill = 0]
                  00004060    00000044     port.obj (.text:xPortStartScheduler)
                  000040a4    00000040     rtsv7M4_T_le_v4SPD16_eabi.lib : u_divt2.obj (.text)
                  000040e4    0000003c     queue.obj (.text:prvCopyDataFromQueue)
                  00004120    0000003c     tasks.obj (.text:prvResetNextTaskUnblockTime)
                  0000415c    0000003c     list.obj (.text:vListInsertEnd)
                  00004198    00000038     driverlib.lib : sysctl.obj (.text:SysCtlPeripheralReady)
                  000041d0    00000038     timers.obj (.text:prvGetNextExpireTime)
                  00004208    00000034     driverlib.lib : sysctl.obj (.text:SysCtlPeripheralEnable)
                  0000423c    00000034     timers.obj (.text:prvSampleTimeNow)
                  00004270    00000030     list.obj (.text:vListInitialise)
                  000042a0    00000030     tasks.obj (.text:xTaskGetSchedulerState)
                  000042d0    0000002e     rtsv7M4_T_le_v4SPD16_eabi.lib : i_tofd_t2.obj (.text)
                  000042fe    00000002     --HOLE-- [fill = 0]
                  00004300    0000002e     application_hooks.obj (.text:vApplicationStackOverflowHook)
                  0000432e    00000002     --HOLE-- [fill = 0]
                  00004330    0000002c     port.obj (.text:xPortSysTickHandler)
                  0000435c    0000002a     driverlib.lib : gpio.obj (.text:GPIODirModeSet)
                  00004386    00000026     queue.obj (.text:prvIsQueueFull)
                  000043ac    00000024     port.obj (.text:vPortEnterCritical)
                  000043d0    00000024     tasks.obj (.text:vTaskSetTimeOutState)
                  000043f4    00000020     driverlib.lib : uart.obj (.text:UARTDisable)
                  00004414    00000020                   : sysctl.obj (.text:_SysCtlMemTimingGet)
                  00004434    00000020     queue.obj (.text:prvIsQueueEmpty)
                  00004454    0000001c     tasks.obj (.text:pvTaskIncrementMutexHeldCount)
                  00004470    0000001c     rtsv7M4_T_le_v4SPD16_eabi.lib : memccpy.obj (.text)
                  0000448c    0000001c     port.obj (.text:vPortExitCritical)
                  000044a8    0000001a     timers.obj (.text:prvTimerTask)
                  000044c2    00000002     --HOLE-- [fill = 0]
                  000044c4    00000018     rtsv7M4_T_le_v4SPD16_eabi.lib : args_main.obj (.text)
                  000044dc    00000018     port.obj (.text:vPortSetupTimerInterrupt)
                  000044f4    00000016     rtsv7M4_T_le_v4SPD16_eabi.lib : strchr.obj (.text)
                  0000450a    00000014     driverlib.lib : uart.obj (.text:UARTEnable)
                  0000451e    00000014     tasks.obj (.text:prvDeleteTCB)
                  00004532    00000002     --HOLE-- [fill = 0]
                  00004534    00000014     rtsv7M4_T_le_v4SPD16_eabi.lib : _lock.obj (.text)
                  00004548    00000014                                   : s_copysign.obj (.text)
                  0000455c    00000014                                   : strlen.obj (.text)
                  00004570    00000014     tasks.obj (.text:xTaskGetTickCount)
                  00004584    00000012     driverlib.lib : gpio.obj (.text:GPIOPinTypeUART)
                  00004596    00000010     port.obj (.text:prvTaskExitError)
                  000045a6    00000010     list.obj (.text:vListInitialiseItem)
                  000045b6    00000002     --HOLE-- [fill = 0]
                  000045b8    00000010     tasks.obj (.text:vTaskSuspendAll)
                  000045c8    0000000e     rtsv7M4_T_le_v4SPD16_eabi.lib : copy_decompress_none.obj (.text:decompress:none)
                  000045d6    0000000c                                   : copy_zero_init.obj (.text:decompress:ZI)
                  000045e2    00000002     --HOLE-- [fill = 0]
                  000045e4    0000000c     tasks.obj (.text:vTaskMissedYield)
                  000045f0    0000000a     driverlib.lib : uart.obj (.text:UARTCharPut)
                  000045fa    0000000a     main.obj (.text:main)
                  00004604    0000000a     tasks.obj (.text:prvIdleTask)
                  0000460e    00000006     startup_ccs.obj (.text:ResetISR)
                  00004614    00000004     rtsv7M4_T_le_v4SPD16_eabi.lib : pre_init.obj (.text)

.const     0    00004618    0000040c     
                  00004618    000001b0     driverlib.lib : sysctl.obj (.const:g_pppui32XTALtoVCO)
                  000047c8    00000101     rtsv7M4_T_le_v4SPD16_eabi.lib : ctype.obj (.const:.string:_ctypes_)
                  000048c9    00000001     --HOLE-- [fill = 0]
                  000048ca    00000002     heap_2.obj (.const)
                  000048cc    00000090     driverlib.lib : gpio.obj (.const:g_pui32GPIOBaseAddrs)
                  0000495c    0000006c                   : sysctl.obj (.const:g_pui32Xtals)
                  000049c8    00000030                   : sysctl.obj (.const:g_sXTALtoMEMTIM)
                  000049f8    00000010     my_uart.obj (.const:UART)
                  00004a08    00000010     my_uart.obj (.const:buff_arr)
                  00004a18    00000008     driverlib.lib : sysctl.obj (.const)
                  00004a20    00000004     port.obj (.const)

.cinit     0    00004a28    00000048     
                  00004a28    0000001d     (.cinit..data.load) [load image, compression = lzss]
                  00004a45    00000003     --HOLE-- [fill = 0]
                  00004a48    0000000c     (__TI_handler_table)
                  00004a54    00000004     --HOLE-- [fill = 0]
                  00004a58    00000008     (.cinit..bss.load) [load image, compression = zero_init]
                  00004a60    00000010     (__TI_cinit_table)

.init_array 
*          0    00000000    00000000     UNINITIALIZED

.bss       0    20000000    000077bc     UNINITIALIZED
                  20000000    00007530     heap_2.obj (.bss:ucHeap)
                  20007530    00000140     tasks.obj (.bss:pxReadyTasksLists)
                  20007670    00000050     (.common:xQueueRegistry)
                  200076c0    00000024     my_uart.obj (.bss:buf0)
                  200076e4    00000024     my_uart.obj (.bss:buf3)
                  20007708    00000014     timers.obj (.bss:xActiveTimerList1)
                  2000771c    00000014     timers.obj (.bss:xActiveTimerList2)
                  20007730    00000014     tasks.obj (.bss:xDelayedTaskList1)
                  20007744    00000014     tasks.obj (.bss:xDelayedTaskList2)
                  20007758    00000014     tasks.obj (.bss:xPendingReadyList)
                  2000776c    00000014     tasks.obj (.bss:xSuspendedTaskList)
                  20007780    00000014     tasks.obj (.bss:xTasksWaitingTermination)
                  20007794    00000008     tasks.obj (.bss)
                  2000779c    00000008     timers.obj (.bss)
                  200077a4    00000008     heap_2.obj (.bss:xEnd)
                  200077ac    00000008     heap_2.obj (.bss:xStart)
                  200077b4    00000004     my_uart.obj (.bss:buf1)
                  200077b8    00000004     my_uart.obj (.bss:buf2)

.stack     0    200077bc    00000200     UNINITIALIZED
                  200077bc    00000200     --HOLE--

.data      0    200079bc    00000064     UNINITIALIZED
                  200079bc    00000030     tasks.obj (.data)
                  200079ec    0000000c     rtsv7M4_T_le_v4SPD16_eabi.lib : exit.obj (.data:$O1$$)
                  200079f8    00000008                                   : _lock.obj (.data:$O1$$)
                  20007a00    00000008     heap_2.obj (.data)
                  20007a08    00000008     timers.obj (.data)
                  20007a10    00000004     application.obj (.data)
                  20007a14    00000004     port.obj (.data)
                  20007a18    00000004     rtsv7M4_T_le_v4SPD16_eabi.lib : errno.obj (.data)
                  20007a1c    00000004                                   : stkdepth_vars.obj (.data)

MODULE SUMMARY

       Module                     code    ro data   rw data
       ------                     ----    -------   -------
    .\
       my_uart.obj                924     32        80     
       startup_ccs.obj            12      620       0      
       application.obj            148     0         4      
       application_hooks.obj      46      0         0      
       main.obj                   10      0         0      
    +--+--------------------------+-------+---------+---------+
       Total:                     1140    652       84     
                                                           
    .\third_party\FreeRTOS\Source\
       tasks.obj                  2850    0         476    
       queue.obj                  1680    0         80     
       timers.obj                 1166    0         56     
       list.obj                   298     0         0      
    +--+--------------------------+-------+---------+---------+
       Total:                     5994    0         612    
                                                           
    .\third_party\FreeRTOS\Source\portable\CCS\ARM_CM4F\
       port.obj                   308     4         4      
       portasm.obj                210     0         0      
    +--+--------------------------+-------+---------+---------+
       Total:                     518     4         4      
                                                           
    .\third_party\FreeRTOS\Source\portable\MemMang\
       heap_2.obj                 476     2         30024  
    +--+--------------------------+-------+---------+---------+
       Total:                     476     2         30024  
                                                           
    ../driverlib.lib
       sysctl.obj                 724     596       0      
       gpio.obj                   438     144       0      
       uart.obj                   132     0         0      
    +--+--------------------------+-------+---------+---------+
       Total:                     1294    740       0      
                                                           
    C:\ti\ccs730\ccsv7\tools\compiler\ti-cgt-arm_16.9.7.LTS\lib\rtsv7M4_T_le_v4SPD16_eabi.lib
       _printfi.obj               4414    0         0      
       ull_div_t2.obj             500     0         0      
       fd_add_t2.obj              438     0         0      
       fd_div_t2.obj              310     0         0      
       fd_cmp_t2.obj              268     0         0      
       ctype.obj                  0       257       0      
       fd_mul_t2.obj              252     0         0      
       s_scalbn.obj               252     0         0      
       memcpy_t2.obj              156     0         0      
       memset_t2.obj              122     0         0      
       autoinit.obj               112     0         0      
       copy_decompress_lzss.obj   104     0         0      
       s_frexp.obj                100     0         0      
       exit.obj                   84      0         12     
       sprintf.obj                96      0         0      
       boot.obj                   84      0         0      
       ltoa.obj                   84      0         0      
       atoi.obj                   76      0         0      
       cpy_tbl.obj                76      0         0      
       fd_toi_t2.obj              72      0         0      
       u_divt2.obj                64      0         0      
       i_tofd_t2.obj              46      0         0      
       _lock.obj                  20      0         8      
       memccpy.obj                28      0         0      
       args_main.obj              24      0         0      
       strchr.obj                 22      0         0      
       s_copysign.obj             20      0         0      
       strlen.obj                 20      0         0      
       copy_decompress_none.obj   14      0         0      
       copy_zero_init.obj         12      0         0      
       errno.obj                  0       0         4      
       pre_init.obj               4       0         0      
       stkdepth_vars.obj          0       0         4      
       i_div0.obj                 2       0         0      
       mpu_init.obj               2       0         0      
       startup.obj                2       0         0      
    +--+--------------------------+-------+---------+---------+
       Total:                     7880    257       28     
                                                           
       Stack:                     0       0         512    
       Linker Generated:          0       65        0      
    +--+--------------------------+-------+---------+---------+
       Grand Total:               17302   1720      31264  


LINKER GENERATED COPY TABLES

__TI_cinit_table @ 00004a60 records: 2, size/record: 8, table size: 16
	.data: load addr=00004a28, load size=0000001d bytes, run addr=200079bc, run size=00000064 bytes, compression=lzss
	.bss: load addr=00004a58, load size=00000008 bytes, run addr=20000000, run size=000077bc bytes, compression=zero_init


LINKER GENERATED HANDLER TABLE

__TI_handler_table @ 00004a48 records: 3, size/record: 4, table size: 12
	index: 0, handler: __TI_decompress_lzss
	index: 1, handler: __TI_decompress_none
	index: 2, handler: __TI_zero_init


GLOBAL SYMBOLS: SORTED ALPHABETICALLY BY Name 

address   name                           
-------   ----                           
00003c39  C$$EXIT                        
0000435d  GPIODirModeSet                 
0000209d  GPIOPadConfigSet               
00003e69  GPIOPinConfigure               
00004585  GPIOPinTypeUART                
0000460f  ResetISR                       
UNDEFED   SHT$$INIT_ARRAY$$Base          
UNDEFED   SHT$$INIT_ARRAY$$Limit         
000015e1  SysCtlClockFreqSet             
00004209  SysCtlPeripheralEnable         
00004199  SysCtlPeripheralReady          
000049f8  UART                           
000045f1  UARTCharPut                    
00004019  UARTConfigSetExpClk            
000043f5  UARTDisable                    
0000450b  UARTEnable                     
00002b01  UART_config                    
000013ad  UART_printf                    
00003eb1  UART_putstr                    
200079bc  __STACK_END                    
00000200  __STACK_SIZE                   
200079bc  __STACK_TOP                    
00004a60  __TI_CINIT_Base                
00004a70  __TI_CINIT_Limit               
00004a48  __TI_Handler_Table_Base        
00004a54  __TI_Handler_Table_Limit       
00003571  __TI_auto_init                 
200079ec  __TI_cleanup_ptr               
000037a1  __TI_decompress_lzss           
000045c9  __TI_decompress_none           
200079f0  __TI_dtors_ptr                 
200079f4  __TI_enable_exit_profile_output
ffffffff  __TI_pprof_out_hndl            
00000ab1  __TI_printfi                   
ffffffff  __TI_prof_data_size            
ffffffff  __TI_prof_data_start           
00000000  __TI_static_base__             
000045d7  __TI_zero_init                 
00003085  __aeabi_cdcmpeq                
00003085  __aeabi_cdcmple                
0000310b  __aeabi_cdrcmple               
00003f41  __aeabi_d2iz                   
000019df  __aeabi_dadd                   
00001e31  __aeabi_ddiv                   
00002415  __aeabi_dmul                   
000019d5  __aeabi_dsub                   
000042d1  __aeabi_i2d                    
000021cf  __aeabi_idiv0                  
00003399  __aeabi_memclr                 
00003399  __aeabi_memclr4                
00003399  __aeabi_memclr8                
00002d9d  __aeabi_memcpy                 
00002d9d  __aeabi_memcpy4                
00002d9d  __aeabi_memcpy8                
0000339b  __aeabi_memset                 
0000339b  __aeabi_memset4                
0000339b  __aeabi_memset8                
000040a5  __aeabi_uidiv                  
000040a5  __aeabi_uidivmod               
000017e1  __aeabi_uldivmod               
ffffffff  __binit__                      
ffffffff  __c_args__                     
000028c3  __mpu_init                     
200077bc  __stack                        
000044c5  _args_main                     
00003be5  _c_int00                       
000047c8  _ctypes_                       
200079f8  _lock                          
00004543  _nop                           
0000453b  _register_lock                 
00004535  _register_unlock               
00002ed3  _system_post_cinit             
00004615  _system_pre_init               
200079fc  _unlock                        
00003c3d  abort                          
00002ed5  application_run                
00003d85  atoi                           
ffffffff  binit                          
00004a08  buff_arr                       
00003501  convert                        
00003dd1  copy_in                        
00004549  copysign                       
00004549  copysignl                      
20007a18  errno                          
00003c45  exit                           
000039a9  frexp                          
000039a9  frexpl                         
00000000  g_pfnVectors                   
20007a10  g_sysClock                     
00002511  ldexp                          
00002511  ldexpl                         
00003c8d  ltoa                           
000045fb  main                           
20007a1c  main_func_sp                   
00004471  memccpy                        
00002d9d  memcpy                         
000033a1  memset                         
000022f9  pvPortMalloc                   
00004455  pvTaskIncrementMutexHeldCount  
200079bc  pxCurrentTCB                   
00003b89  pxPortInitialiseStack          
00002511  scalbn                         
00002511  scalbnl                        
00003a6d  sprintf                        
000044f5  strchr                         
0000455d  strlen                         
00004a20  ulMaxSyscallInterruptPriority  
00002801  ulPortGetIPSR                  
00003f89  uxListRemove                   
00004301  vApplicationStackOverflowHook  
00004271  vListInitialise                
000045a7  vListInitialiseItem            
00003941  vListInsert                    
0000415d  vListInsertEnd                 
000028b5  vPortEnableVFP                 
000043ad  vPortEnterCritical             
0000448d  vPortExitCritical              
000035e1  vPortFree                      
00002879  vPortSVCHandler                
000044dd  vPortSetupTimerInterrupt       
00002899  vPortStartFirstTask            
00003e1d  vQueueAddToRegistry            
00003ce1  vQueueWaitForMessageRestricted 
000045e5  vTaskMissedYield               
000038d9  vTaskPlaceOnEventList          
00003651  vTaskPlaceOnEventListRestricted
000028c5  vTaskPriorityInherit           
000043d1  vTaskSetTimeOutState           
0000331d  vTaskStartScheduler            
000045b9  vTaskSuspendAll                
00002a49  vTaskSwitchContext             
00002819  xPortPendSVHandler             
00004061  xPortStartScheduler            
00004331  xPortSysTickHandler            
000036c1  xQueueGenericCreate            
00001b8d  xQueueGenericReceive           
00002cfd  xQueueGenericReset             
000021d1  xQueueGenericSend              
00002ff9  xQueueGenericSendFromISR       
20007670  xQueueRegistry                 
00003215  xTaskCheckForTimeOut           
00001cf9  xTaskGenericCreate             
000042a1  xTaskGetSchedulerState         
00004571  xTaskGetTickCount              
00001f69  xTaskIncrementTick             
00002bb1  xTaskPriorityDisinherit        
00002f69  xTaskRemoveFromEventList       
0000260d  xTaskResumeAll                 
00003fd1  xTimerCreateTimerTask          
00003731  xTimerGenericCommand           


GLOBAL SYMBOLS: SORTED BY Symbol Address 

address   name                           
-------   ----                           
00000000  __TI_static_base__             
00000000  g_pfnVectors                   
00000200  __STACK_SIZE                   
00000ab1  __TI_printfi                   
000013ad  UART_printf                    
000015e1  SysCtlClockFreqSet             
000017e1  __aeabi_uldivmod               
000019d5  __aeabi_dsub                   
000019df  __aeabi_dadd                   
00001b8d  xQueueGenericReceive           
00001cf9  xTaskGenericCreate             
00001e31  __aeabi_ddiv                   
00001f69  xTaskIncrementTick             
0000209d  GPIOPadConfigSet               
000021cf  __aeabi_idiv0                  
000021d1  xQueueGenericSend              
000022f9  pvPortMalloc                   
00002415  __aeabi_dmul                   
00002511  ldexp                          
00002511  ldexpl                         
00002511  scalbn                         
00002511  scalbnl                        
0000260d  xTaskResumeAll                 
00002801  ulPortGetIPSR                  
00002819  xPortPendSVHandler             
00002879  vPortSVCHandler                
00002899  vPortStartFirstTask            
000028b5  vPortEnableVFP                 
000028c3  __mpu_init                     
000028c5  vTaskPriorityInherit           
00002a49  vTaskSwitchContext             
00002b01  UART_config                    
00002bb1  xTaskPriorityDisinherit        
00002cfd  xQueueGenericReset             
00002d9d  __aeabi_memcpy                 
00002d9d  __aeabi_memcpy4                
00002d9d  __aeabi_memcpy8                
00002d9d  memcpy                         
00002ed3  _system_post_cinit             
00002ed5  application_run                
00002f69  xTaskRemoveFromEventList       
00002ff9  xQueueGenericSendFromISR       
00003085  __aeabi_cdcmpeq                
00003085  __aeabi_cdcmple                
0000310b  __aeabi_cdrcmple               
00003215  xTaskCheckForTimeOut           
0000331d  vTaskStartScheduler            
00003399  __aeabi_memclr                 
00003399  __aeabi_memclr4                
00003399  __aeabi_memclr8                
0000339b  __aeabi_memset                 
0000339b  __aeabi_memset4                
0000339b  __aeabi_memset8                
000033a1  memset                         
00003501  convert                        
00003571  __TI_auto_init                 
000035e1  vPortFree                      
00003651  vTaskPlaceOnEventListRestricted
000036c1  xQueueGenericCreate            
00003731  xTimerGenericCommand           
000037a1  __TI_decompress_lzss           
000038d9  vTaskPlaceOnEventList          
00003941  vListInsert                    
000039a9  frexp                          
000039a9  frexpl                         
00003a6d  sprintf                        
00003b89  pxPortInitialiseStack          
00003be5  _c_int00                       
00003c39  C$$EXIT                        
00003c3d  abort                          
00003c45  exit                           
00003c8d  ltoa                           
00003ce1  vQueueWaitForMessageRestricted 
00003d85  atoi                           
00003dd1  copy_in                        
00003e1d  vQueueAddToRegistry            
00003e69  GPIOPinConfigure               
00003eb1  UART_putstr                    
00003f41  __aeabi_d2iz                   
00003f89  uxListRemove                   
00003fd1  xTimerCreateTimerTask          
00004019  UARTConfigSetExpClk            
00004061  xPortStartScheduler            
000040a5  __aeabi_uidiv                  
000040a5  __aeabi_uidivmod               
0000415d  vListInsertEnd                 
00004199  SysCtlPeripheralReady          
00004209  SysCtlPeripheralEnable         
00004271  vListInitialise                
000042a1  xTaskGetSchedulerState         
000042d1  __aeabi_i2d                    
00004301  vApplicationStackOverflowHook  
00004331  xPortSysTickHandler            
0000435d  GPIODirModeSet                 
000043ad  vPortEnterCritical             
000043d1  vTaskSetTimeOutState           
000043f5  UARTDisable                    
00004455  pvTaskIncrementMutexHeldCount  
00004471  memccpy                        
0000448d  vPortExitCritical              
000044c5  _args_main                     
000044dd  vPortSetupTimerInterrupt       
000044f5  strchr                         
0000450b  UARTEnable                     
00004535  _register_unlock               
0000453b  _register_lock                 
00004543  _nop                           
00004549  copysign                       
00004549  copysignl                      
0000455d  strlen                         
00004571  xTaskGetTickCount              
00004585  GPIOPinTypeUART                
000045a7  vListInitialiseItem            
000045b9  vTaskSuspendAll                
000045c9  __TI_decompress_none           
000045d7  __TI_zero_init                 
000045e5  vTaskMissedYield               
000045f1  UARTCharPut                    
000045fb  main                           
0000460f  ResetISR                       
00004615  _system_pre_init               
000047c8  _ctypes_                       
000049f8  UART                           
00004a08  buff_arr                       
00004a20  ulMaxSyscallInterruptPriority  
00004a48  __TI_Handler_Table_Base        
00004a54  __TI_Handler_Table_Limit       
00004a60  __TI_CINIT_Base                
00004a70  __TI_CINIT_Limit               
20007670  xQueueRegistry                 
200077bc  __stack                        
200079bc  __STACK_END                    
200079bc  __STACK_TOP                    
200079bc  pxCurrentTCB                   
200079ec  __TI_cleanup_ptr               
200079f0  __TI_dtors_ptr                 
200079f4  __TI_enable_exit_profile_output
200079f8  _lock                          
200079fc  _unlock                        
20007a10  g_sysClock                     
20007a18  errno                          
20007a1c  main_func_sp                   
ffffffff  __TI_pprof_out_hndl            
ffffffff  __TI_prof_data_size            
ffffffff  __TI_prof_data_start           
ffffffff  __binit__                      
ffffffff  __c_args__                     
ffffffff  binit                          
UNDEFED   SHT$$INIT_ARRAY$$Base          
UNDEFED   SHT$$INIT_ARRAY$$Limit         

[150 symbols]
