<?xml version="1.0"?>
<link_info>
   <banner>TI ARM Linker PC v16.9.7.LTS</banner>
   <copyright>Copyright (c) 1996-2017 Texas Instruments Incorporated</copyright>
   <link_time>0x5add49df</link_time>
   <link_errors>0x0</link_errors>
   <output_file>Project2_TIVA.out</output_file>
   <entry_point>
      <name>_c_int00</name>
      <address>0x3be5</address>
   </entry_point>
   <input_file_list>
      <input_file id="fl-2">
         <path>.\</path>
         <kind>object</kind>
         <file>application.obj</file>
         <name>application.obj</name>
      </input_file>
      <input_file id="fl-3">
         <path>.\</path>
         <kind>object</kind>
         <file>application_hooks.obj</file>
         <name>application_hooks.obj</name>
      </input_file>
      <input_file id="fl-4">
         <path>.\</path>
         <kind>object</kind>
         <file>heartbeat.obj</file>
         <name>heartbeat.obj</name>
      </input_file>
      <input_file id="fl-5">
         <path>.\</path>
         <kind>object</kind>
         <file>logger_task.obj</file>
         <name>logger_task.obj</name>
      </input_file>
      <input_file id="fl-6">
         <path>.\</path>
         <kind>object</kind>
         <file>main.obj</file>
         <name>main.obj</name>
      </input_file>
      <input_file id="fl-7">
         <path>.\</path>
         <kind>object</kind>
         <file>my_uart.obj</file>
         <name>my_uart.obj</name>
      </input_file>
      <input_file id="fl-8">
         <path>.\</path>
         <kind>object</kind>
         <file>nordic_driver.obj</file>
         <name>nordic_driver.obj</name>
      </input_file>
      <input_file id="fl-9">
         <path>.\</path>
         <kind>object</kind>
         <file>spi.obj</file>
         <name>spi.obj</name>
      </input_file>
      <input_file id="fl-a">
         <path>.\</path>
         <kind>object</kind>
         <file>startup_ccs.obj</file>
         <name>startup_ccs.obj</name>
      </input_file>
      <input_file id="fl-b">
         <path>.\third_party\FreeRTOS\Source\</path>
         <kind>object</kind>
         <file>list.obj</file>
         <name>list.obj</name>
      </input_file>
      <input_file id="fl-c">
         <path>.\third_party\FreeRTOS\Source\</path>
         <kind>object</kind>
         <file>queue.obj</file>
         <name>queue.obj</name>
      </input_file>
      <input_file id="fl-d">
         <path>.\third_party\FreeRTOS\Source\</path>
         <kind>object</kind>
         <file>tasks.obj</file>
         <name>tasks.obj</name>
      </input_file>
      <input_file id="fl-e">
         <path>.\third_party\FreeRTOS\Source\</path>
         <kind>object</kind>
         <file>timers.obj</file>
         <name>timers.obj</name>
      </input_file>
      <input_file id="fl-f">
         <path>.\third_party\FreeRTOS\Source\portable\CCS\ARM_CM4F\</path>
         <kind>object</kind>
         <file>port.obj</file>
         <name>port.obj</name>
      </input_file>
      <input_file id="fl-10">
         <path>.\third_party\FreeRTOS\Source\portable\CCS\ARM_CM4F\</path>
         <kind>object</kind>
         <file>portasm.obj</file>
         <name>portasm.obj</name>
      </input_file>
      <input_file id="fl-11">
         <path>.\third_party\FreeRTOS\Source\portable\MemMang\</path>
         <kind>object</kind>
         <file>heap_2.obj</file>
         <name>heap_2.obj</name>
      </input_file>
      <input_file id="fl-17">
         <kind>object</kind>
         <file>&lt;internal&gt;</file>
         <name>&lt;internal&gt;</name>
      </input_file>
      <input_file id="fl-18">
         <path>..\</path>
         <kind>archive</kind>
         <file>driverlib.lib</file>
         <name>gpio.obj</name>
      </input_file>
      <input_file id="fl-19">
         <path>..\</path>
         <kind>archive</kind>
         <file>driverlib.lib</file>
         <name>interrupt.obj</name>
      </input_file>
      <input_file id="fl-1a">
         <path>..\</path>
         <kind>archive</kind>
         <file>driverlib.lib</file>
         <name>ssi.obj</name>
      </input_file>
      <input_file id="fl-1b">
         <path>..\</path>
         <kind>archive</kind>
         <file>driverlib.lib</file>
         <name>sysctl.obj</name>
      </input_file>
      <input_file id="fl-1c">
         <path>..\</path>
         <kind>archive</kind>
         <file>driverlib.lib</file>
         <name>uart.obj</name>
      </input_file>
      <input_file id="fl-1d">
         <path>..\</path>
         <kind>archive</kind>
         <file>driverlib.lib</file>
         <name>cpu.obj</name>
      </input_file>
      <input_file id="fl-d3">
         <path>C:\ti\ccs730\ccsv7\tools\compiler\ti-cgt-arm_16.9.7.LTS\lib\</path>
         <kind>archive</kind>
         <file>rtsv7M4_T_le_v4SPD16_eabi.lib</file>
         <name>boot.obj</name>
      </input_file>
      <input_file id="fl-d4">
         <path>C:\ti\ccs730\ccsv7\tools\compiler\ti-cgt-arm_16.9.7.LTS\lib\</path>
         <kind>archive</kind>
         <file>rtsv7M4_T_le_v4SPD16_eabi.lib</file>
         <name>copy_decompress_lzss.obj</name>
      </input_file>
      <input_file id="fl-d5">
         <path>C:\ti\ccs730\ccsv7\tools\compiler\ti-cgt-arm_16.9.7.LTS\lib\</path>
         <kind>archive</kind>
         <file>rtsv7M4_T_le_v4SPD16_eabi.lib</file>
         <name>copy_decompress_none.obj</name>
      </input_file>
      <input_file id="fl-d6">
         <path>C:\ti\ccs730\ccsv7\tools\compiler\ti-cgt-arm_16.9.7.LTS\lib\</path>
         <kind>archive</kind>
         <file>rtsv7M4_T_le_v4SPD16_eabi.lib</file>
         <name>copy_zero_init.obj</name>
      </input_file>
      <input_file id="fl-d7">
         <path>C:\ti\ccs730\ccsv7\tools\compiler\ti-cgt-arm_16.9.7.LTS\lib\</path>
         <kind>archive</kind>
         <file>rtsv7M4_T_le_v4SPD16_eabi.lib</file>
         <name>exit.obj</name>
      </input_file>
      <input_file id="fl-d8">
         <path>C:\ti\ccs730\ccsv7\tools\compiler\ti-cgt-arm_16.9.7.LTS\lib\</path>
         <kind>archive</kind>
         <file>rtsv7M4_T_le_v4SPD16_eabi.lib</file>
         <name>fd_cmp_t2.obj</name>
      </input_file>
      <input_file id="fl-d9">
         <path>C:\ti\ccs730\ccsv7\tools\compiler\ti-cgt-arm_16.9.7.LTS\lib\</path>
         <kind>archive</kind>
         <file>rtsv7M4_T_le_v4SPD16_eabi.lib</file>
         <name>memcpy_t2.obj</name>
      </input_file>
      <input_file id="fl-da">
         <path>C:\ti\ccs730\ccsv7\tools\compiler\ti-cgt-arm_16.9.7.LTS\lib\</path>
         <kind>archive</kind>
         <file>rtsv7M4_T_le_v4SPD16_eabi.lib</file>
         <name>memset_t2.obj</name>
      </input_file>
      <input_file id="fl-db">
         <path>C:\ti\ccs730\ccsv7\tools\compiler\ti-cgt-arm_16.9.7.LTS\lib\</path>
         <kind>archive</kind>
         <file>rtsv7M4_T_le_v4SPD16_eabi.lib</file>
         <name>mpu_init.obj</name>
      </input_file>
      <input_file id="fl-dc">
         <path>C:\ti\ccs730\ccsv7\tools\compiler\ti-cgt-arm_16.9.7.LTS\lib\</path>
         <kind>archive</kind>
         <file>rtsv7M4_T_le_v4SPD16_eabi.lib</file>
         <name>pre_init.obj</name>
      </input_file>
      <input_file id="fl-dd">
         <path>C:\ti\ccs730\ccsv7\tools\compiler\ti-cgt-arm_16.9.7.LTS\lib\</path>
         <kind>archive</kind>
         <file>rtsv7M4_T_le_v4SPD16_eabi.lib</file>
         <name>sprintf.obj</name>
      </input_file>
      <input_file id="fl-de">
         <path>C:\ti\ccs730\ccsv7\tools\compiler\ti-cgt-arm_16.9.7.LTS\lib\</path>
         <kind>archive</kind>
         <file>rtsv7M4_T_le_v4SPD16_eabi.lib</file>
         <name>stkdepth_vars.obj</name>
      </input_file>
      <input_file id="fl-df">
         <path>C:\ti\ccs730\ccsv7\tools\compiler\ti-cgt-arm_16.9.7.LTS\lib\</path>
         <kind>archive</kind>
         <file>rtsv7M4_T_le_v4SPD16_eabi.lib</file>
         <name>u_divt2.obj</name>
      </input_file>
      <input_file id="fl-e0">
         <path>C:\ti\ccs730\ccsv7\tools\compiler\ti-cgt-arm_16.9.7.LTS\lib\</path>
         <kind>archive</kind>
         <file>rtsv7M4_T_le_v4SPD16_eabi.lib</file>
         <name>_lock.obj</name>
      </input_file>
      <input_file id="fl-e1">
         <path>C:\ti\ccs730\ccsv7\tools\compiler\ti-cgt-arm_16.9.7.LTS\lib\</path>
         <kind>archive</kind>
         <file>rtsv7M4_T_le_v4SPD16_eabi.lib</file>
         <name>_printfi.obj</name>
      </input_file>
      <input_file id="fl-e2">
         <path>C:\ti\ccs730\ccsv7\tools\compiler\ti-cgt-arm_16.9.7.LTS\lib\</path>
         <kind>archive</kind>
         <file>rtsv7M4_T_le_v4SPD16_eabi.lib</file>
         <name>args_main.obj</name>
      </input_file>
      <input_file id="fl-e3">
         <path>C:\ti\ccs730\ccsv7\tools\compiler\ti-cgt-arm_16.9.7.LTS\lib\</path>
         <kind>archive</kind>
         <file>rtsv7M4_T_le_v4SPD16_eabi.lib</file>
         <name>atoi.obj</name>
      </input_file>
      <input_file id="fl-e4">
         <path>C:\ti\ccs730\ccsv7\tools\compiler\ti-cgt-arm_16.9.7.LTS\lib\</path>
         <kind>archive</kind>
         <file>rtsv7M4_T_le_v4SPD16_eabi.lib</file>
         <name>autoinit.obj</name>
      </input_file>
      <input_file id="fl-e5">
         <path>C:\ti\ccs730\ccsv7\tools\compiler\ti-cgt-arm_16.9.7.LTS\lib\</path>
         <kind>archive</kind>
         <file>rtsv7M4_T_le_v4SPD16_eabi.lib</file>
         <name>cpy_tbl.obj</name>
      </input_file>
      <input_file id="fl-e6">
         <path>C:\ti\ccs730\ccsv7\tools\compiler\ti-cgt-arm_16.9.7.LTS\lib\</path>
         <kind>archive</kind>
         <file>rtsv7M4_T_le_v4SPD16_eabi.lib</file>
         <name>ctype.obj</name>
      </input_file>
      <input_file id="fl-e7">
         <path>C:\ti\ccs730\ccsv7\tools\compiler\ti-cgt-arm_16.9.7.LTS\lib\</path>
         <kind>archive</kind>
         <file>rtsv7M4_T_le_v4SPD16_eabi.lib</file>
         <name>fd_add_t2.obj</name>
      </input_file>
      <input_file id="fl-e8">
         <path>C:\ti\ccs730\ccsv7\tools\compiler\ti-cgt-arm_16.9.7.LTS\lib\</path>
         <kind>archive</kind>
         <file>rtsv7M4_T_le_v4SPD16_eabi.lib</file>
         <name>fd_div_t2.obj</name>
      </input_file>
      <input_file id="fl-e9">
         <path>C:\ti\ccs730\ccsv7\tools\compiler\ti-cgt-arm_16.9.7.LTS\lib\</path>
         <kind>archive</kind>
         <file>rtsv7M4_T_le_v4SPD16_eabi.lib</file>
         <name>fd_mul_t2.obj</name>
      </input_file>
      <input_file id="fl-ea">
         <path>C:\ti\ccs730\ccsv7\tools\compiler\ti-cgt-arm_16.9.7.LTS\lib\</path>
         <kind>archive</kind>
         <file>rtsv7M4_T_le_v4SPD16_eabi.lib</file>
         <name>fd_toi_t2.obj</name>
      </input_file>
      <input_file id="fl-eb">
         <path>C:\ti\ccs730\ccsv7\tools\compiler\ti-cgt-arm_16.9.7.LTS\lib\</path>
         <kind>archive</kind>
         <file>rtsv7M4_T_le_v4SPD16_eabi.lib</file>
         <name>i_div0.obj</name>
      </input_file>
      <input_file id="fl-ec">
         <path>C:\ti\ccs730\ccsv7\tools\compiler\ti-cgt-arm_16.9.7.LTS\lib\</path>
         <kind>archive</kind>
         <file>rtsv7M4_T_le_v4SPD16_eabi.lib</file>
         <name>i_tofd_t2.obj</name>
      </input_file>
      <input_file id="fl-ed">
         <path>C:\ti\ccs730\ccsv7\tools\compiler\ti-cgt-arm_16.9.7.LTS\lib\</path>
         <kind>archive</kind>
         <file>rtsv7M4_T_le_v4SPD16_eabi.lib</file>
         <name>ltoa.obj</name>
      </input_file>
      <input_file id="fl-ee">
         <path>C:\ti\ccs730\ccsv7\tools\compiler\ti-cgt-arm_16.9.7.LTS\lib\</path>
         <kind>archive</kind>
         <file>rtsv7M4_T_le_v4SPD16_eabi.lib</file>
         <name>memccpy.obj</name>
      </input_file>
      <input_file id="fl-ef">
         <path>C:\ti\ccs730\ccsv7\tools\compiler\ti-cgt-arm_16.9.7.LTS\lib\</path>
         <kind>archive</kind>
         <file>rtsv7M4_T_le_v4SPD16_eabi.lib</file>
         <name>s_frexp.obj</name>
      </input_file>
      <input_file id="fl-f0">
         <path>C:\ti\ccs730\ccsv7\tools\compiler\ti-cgt-arm_16.9.7.LTS\lib\</path>
         <kind>archive</kind>
         <file>rtsv7M4_T_le_v4SPD16_eabi.lib</file>
         <name>s_scalbn.obj</name>
      </input_file>
      <input_file id="fl-f1">
         <path>C:\ti\ccs730\ccsv7\tools\compiler\ti-cgt-arm_16.9.7.LTS\lib\</path>
         <kind>archive</kind>
         <file>rtsv7M4_T_le_v4SPD16_eabi.lib</file>
         <name>startup.obj</name>
      </input_file>
      <input_file id="fl-f2">
         <path>C:\ti\ccs730\ccsv7\tools\compiler\ti-cgt-arm_16.9.7.LTS\lib\</path>
         <kind>archive</kind>
         <file>rtsv7M4_T_le_v4SPD16_eabi.lib</file>
         <name>strchr.obj</name>
      </input_file>
      <input_file id="fl-f3">
         <path>C:\ti\ccs730\ccsv7\tools\compiler\ti-cgt-arm_16.9.7.LTS\lib\</path>
         <kind>archive</kind>
         <file>rtsv7M4_T_le_v4SPD16_eabi.lib</file>
         <name>strlen.obj</name>
      </input_file>
      <input_file id="fl-f4">
         <path>C:\ti\ccs730\ccsv7\tools\compiler\ti-cgt-arm_16.9.7.LTS\lib\</path>
         <kind>archive</kind>
         <file>rtsv7M4_T_le_v4SPD16_eabi.lib</file>
         <name>ull_div_t2.obj</name>
      </input_file>
      <input_file id="fl-f5">
         <path>C:\ti\ccs730\ccsv7\tools\compiler\ti-cgt-arm_16.9.7.LTS\lib\</path>
         <kind>archive</kind>
         <file>rtsv7M4_T_le_v4SPD16_eabi.lib</file>
         <name>errno.obj</name>
      </input_file>
      <input_file id="fl-f6">
         <path>C:\ti\ccs730\ccsv7\tools\compiler\ti-cgt-arm_16.9.7.LTS\lib\</path>
         <kind>archive</kind>
         <file>rtsv7M4_T_le_v4SPD16_eabi.lib</file>
         <name>s_copysign.obj</name>
      </input_file>
   </input_file_list>
   <object_component_list>
      <object_component id="oc-f">
         <name>.intvecs</name>
         <load_address>0x0</load_address>
         <run_address>0x0</run_address>
         <size>0x26c</size>
         <input_file_ref idref="fl-a"/>
      </object_component>
      <object_component id="oc-23a">
         <name>.text</name>
         <load_address>0x26c</load_address>
         <run_address>0x26c</run_address>
         <size>0x113e</size>
         <input_file_ref idref="fl-e1"/>
      </object_component>
      <object_component id="oc-37">
         <name>.text:FaultISR</name>
         <load_address>0x13aa</load_address>
         <run_address>0x13aa</run_address>
         <size>0x2</size>
         <input_file_ref idref="fl-a"/>
      </object_component>
      <object_component id="oc-168">
         <name>.text:UART_printf</name>
         <load_address>0x13ac</load_address>
         <run_address>0x13ac</run_address>
         <size>0x234</size>
         <input_file_ref idref="fl-7"/>
      </object_component>
      <object_component id="oc-184">
         <name>.text:SysCtlClockFreqSet</name>
         <load_address>0x15e0</load_address>
         <run_address>0x15e0</run_address>
         <size>0x200</size>
         <input_file_ref idref="fl-1b"/>
      </object_component>
      <object_component id="oc-2c9">
         <name>.text</name>
         <load_address>0x17e0</load_address>
         <run_address>0x17e0</run_address>
         <size>0x1f4</size>
         <input_file_ref idref="fl-f4"/>
      </object_component>
      <object_component id="oc-2f3">
         <name>.text</name>
         <load_address>0x19d4</load_address>
         <run_address>0x19d4</run_address>
         <size>0x1b6</size>
         <input_file_ref idref="fl-e7"/>
      </object_component>
      <object_component id="oc-3d">
         <name>.text:IntDefaultHandler</name>
         <load_address>0x1b8a</load_address>
         <run_address>0x1b8a</run_address>
         <size>0x2</size>
         <input_file_ref idref="fl-a"/>
      </object_component>
      <object_component id="oc-44f">
         <name>.text:xQueueGenericReceive</name>
         <load_address>0x1b8c</load_address>
         <run_address>0x1b8c</run_address>
         <size>0x16c</size>
         <input_file_ref idref="fl-c"/>
      </object_component>
      <object_component id="oc-211">
         <name>.text:xTaskGenericCreate</name>
         <load_address>0x1cf8</load_address>
         <run_address>0x1cf8</run_address>
         <size>0x138</size>
         <input_file_ref idref="fl-d"/>
      </object_component>
      <object_component id="oc-2d9">
         <name>.text</name>
         <load_address>0x1e30</load_address>
         <run_address>0x1e30</run_address>
         <size>0x136</size>
         <input_file_ref idref="fl-e8"/>
      </object_component>
      <object_component id="oc-31">
         <name>.text:NmiSR</name>
         <load_address>0x1f66</load_address>
         <run_address>0x1f66</run_address>
         <size>0x2</size>
         <input_file_ref idref="fl-a"/>
      </object_component>
      <object_component id="oc-a7">
         <name>.text:xTaskIncrementTick</name>
         <load_address>0x1f68</load_address>
         <run_address>0x1f68</run_address>
         <size>0x134</size>
         <input_file_ref idref="fl-d"/>
      </object_component>
      <object_component id="oc-26f">
         <name>.text:GPIOPadConfigSet</name>
         <load_address>0x209c</load_address>
         <run_address>0x209c</run_address>
         <size>0x132</size>
         <input_file_ref idref="fl-18"/>
      </object_component>
      <object_component id="oc-329">
         <name>.text</name>
         <load_address>0x21ce</load_address>
         <run_address>0x21ce</run_address>
         <size>0x2</size>
         <input_file_ref idref="fl-eb"/>
      </object_component>
      <object_component id="oc-4b5">
         <name>.text:xQueueGenericSend</name>
         <load_address>0x21d0</load_address>
         <run_address>0x21d0</run_address>
         <size>0x128</size>
         <input_file_ref idref="fl-c"/>
      </object_component>
      <object_component id="oc-347">
         <name>.text:pvPortMalloc</name>
         <load_address>0x22f8</load_address>
         <run_address>0x22f8</run_address>
         <size>0x11c</size>
         <input_file_ref idref="fl-11"/>
      </object_component>
      <object_component id="oc-2d4">
         <name>.text</name>
         <load_address>0x2414</load_address>
         <run_address>0x2414</run_address>
         <size>0xfc</size>
         <input_file_ref idref="fl-e9"/>
      </object_component>
      <object_component id="oc-2fe">
         <name>.text</name>
         <load_address>0x2510</load_address>
         <run_address>0x2510</run_address>
         <size>0xfc</size>
         <input_file_ref idref="fl-f0"/>
      </object_component>
      <object_component id="oc-3b6">
         <name>.text:xTaskResumeAll</name>
         <load_address>0x260c</load_address>
         <run_address>0x260c</run_address>
         <size>0xfc</size>
         <input_file_ref idref="fl-d"/>
      </object_component>
      <object_component id="oc-3a6">
         <name>.text:prvProcessReceivedCommands</name>
         <load_address>0x2708</load_address>
         <run_address>0x2708</run_address>
         <size>0xe8</size>
         <input_file_ref idref="fl-e"/>
      </object_component>
      <object_component id="oc-43">
         <name>.text</name>
         <load_address>0x27f0</load_address>
         <run_address>0x27f0</run_address>
         <size>0xd2</size>
         <input_file_ref idref="fl-10"/>
      </object_component>
      <object_component id="oc-74">
         <name>.text</name>
         <load_address>0x28c2</load_address>
         <run_address>0x28c2</run_address>
         <size>0x2</size>
         <input_file_ref idref="fl-db"/>
      </object_component>
      <object_component id="oc-4e0">
         <name>.text:vTaskPriorityInherit</name>
         <load_address>0x28c4</load_address>
         <run_address>0x28c4</run_address>
         <size>0xc8</size>
         <input_file_ref idref="fl-d"/>
      </object_component>
      <object_component id="oc-504">
         <name>.text:prvCopyDataToQueue</name>
         <load_address>0x298c</load_address>
         <run_address>0x298c</run_address>
         <size>0xbc</size>
         <input_file_ref idref="fl-c"/>
      </object_component>
      <object_component id="oc-a0">
         <name>.text:vTaskSwitchContext</name>
         <load_address>0x2a48</load_address>
         <run_address>0x2a48</run_address>
         <size>0xb8</size>
         <input_file_ref idref="fl-d"/>
      </object_component>
      <object_component id="oc-18a">
         <name>.text:UART_config</name>
         <load_address>0x2b00</load_address>
         <run_address>0x2b00</run_address>
         <size>0xb0</size>
         <input_file_ref idref="fl-7"/>
      </object_component>
      <object_component id="oc-51b">
         <name>.text:xTaskPriorityDisinherit</name>
         <load_address>0x2bb0</load_address>
         <run_address>0x2bb0</run_address>
         <size>0xa8</size>
         <input_file_ref idref="fl-d"/>
      </object_component>
      <object_component id="oc-494">
         <name>.text:prvSwitchTimerLists</name>
         <load_address>0x2c58</load_address>
         <run_address>0x2c58</run_address>
         <size>0xa4</size>
         <input_file_ref idref="fl-e"/>
      </object_component>
      <object_component id="oc-41b">
         <name>.text:xQueueGenericReset</name>
         <load_address>0x2cfc</load_address>
         <run_address>0x2cfc</run_address>
         <size>0xa0</size>
         <input_file_ref idref="fl-c"/>
      </object_component>
      <object_component id="oc-5c">
         <name>.text</name>
         <load_address>0x2d9c</load_address>
         <run_address>0x2d9c</run_address>
         <size>0x9c</size>
         <input_file_ref idref="fl-d9"/>
      </object_component>
      <object_component id="oc-284">
         <name>.text:prvInitialiseTCBVariables</name>
         <load_address>0x2e38</load_address>
         <run_address>0x2e38</run_address>
         <size>0x9a</size>
         <input_file_ref idref="fl-d"/>
      </object_component>
      <object_component id="oc-d3">
         <name>.text</name>
         <load_address>0x2ed2</load_address>
         <run_address>0x2ed2</run_address>
         <size>0x2</size>
         <input_file_ref idref="fl-f1"/>
      </object_component>
      <object_component id="oc-12a">
         <name>.text:application_run</name>
         <load_address>0x2ed4</load_address>
         <run_address>0x2ed4</run_address>
         <size>0x94</size>
         <input_file_ref idref="fl-2"/>
      </object_component>
      <object_component id="oc-480">
         <name>.text:xTaskRemoveFromEventList</name>
         <load_address>0x2f68</load_address>
         <run_address>0x2f68</run_address>
         <size>0x90</size>
         <input_file_ref idref="fl-d"/>
      </object_component>
      <object_component id="oc-4bb">
         <name>.text:xQueueGenericSendFromISR</name>
         <load_address>0x2ff8</load_address>
         <run_address>0x2ff8</run_address>
         <size>0x8c</size>
         <input_file_ref idref="fl-c"/>
      </object_component>
      <object_component id="oc-1ab">
         <name>.text:__aeabi_cdcmple</name>
         <load_address>0x3084</load_address>
         <run_address>0x3084</run_address>
         <size>0x86</size>
         <input_file_ref idref="fl-d8"/>
      </object_component>
      <object_component id="oc-2de">
         <name>.text:__aeabi_cdrcmple</name>
         <load_address>0x310a</load_address>
         <run_address>0x310a</run_address>
         <size>0x86</size>
         <input_file_ref idref="fl-d8"/>
      </object_component>
      <object_component id="oc-3a0">
         <name>.text:prvProcessTimerOrBlockTask</name>
         <load_address>0x3190</load_address>
         <run_address>0x3190</run_address>
         <size>0x84</size>
         <input_file_ref idref="fl-e"/>
      </object_component>
      <object_component id="oc-4d4">
         <name>.text:xTaskCheckForTimeOut</name>
         <load_address>0x3214</load_address>
         <run_address>0x3214</run_address>
         <size>0x84</size>
         <input_file_ref idref="fl-d"/>
      </object_component>
      <object_component id="oc-4a1">
         <name>.text:prvUnlockQueue</name>
         <load_address>0x3298</load_address>
         <run_address>0x3298</run_address>
         <size>0x82</size>
         <input_file_ref idref="fl-c"/>
      </object_component>
      <object_component id="oc-190">
         <name>.text:vTaskStartScheduler</name>
         <load_address>0x331c</load_address>
         <run_address>0x331c</run_address>
         <size>0x7c</size>
         <input_file_ref idref="fl-d"/>
      </object_component>
      <object_component id="oc-68">
         <name>.text</name>
         <load_address>0x3398</load_address>
         <run_address>0x3398</run_address>
         <size>0x7a</size>
         <input_file_ref idref="fl-da"/>
      </object_component>
      <object_component id="oc-443">
         <name>.text:prvInsertTimerInActiveList</name>
         <load_address>0x3414</load_address>
         <run_address>0x3414</run_address>
         <size>0x78</size>
         <input_file_ref idref="fl-e"/>
      </object_component>
      <object_component id="oc-296">
         <name>.text:prvInitialiseTaskLists</name>
         <load_address>0x348c</load_address>
         <run_address>0x348c</run_address>
         <size>0x74</size>
         <input_file_ref idref="fl-d"/>
      </object_component>
      <object_component id="oc-1bc">
         <name>.text:convert</name>
         <load_address>0x3500</load_address>
         <run_address>0x3500</run_address>
         <size>0x70</size>
         <input_file_ref idref="fl-7"/>
      </object_component>
      <object_component id="oc-80">
         <name>.text</name>
         <load_address>0x3570</load_address>
         <run_address>0x3570</run_address>
         <size>0x70</size>
         <input_file_ref idref="fl-e4"/>
      </object_component>
      <object_component id="oc-34d">
         <name>.text:vPortFree</name>
         <load_address>0x35e0</load_address>
         <run_address>0x35e0</run_address>
         <size>0x70</size>
         <input_file_ref idref="fl-11"/>
      </object_component>
      <object_component id="oc-49b">
         <name>.text:vTaskPlaceOnEventListRestricted</name>
         <load_address>0x3650</load_address>
         <run_address>0x3650</run_address>
         <size>0x70</size>
         <input_file_ref idref="fl-d"/>
      </object_component>
      <object_component id="oc-37a">
         <name>.text:xQueueGenericCreate</name>
         <load_address>0x36c0</load_address>
         <run_address>0x36c0</run_address>
         <size>0x70</size>
         <input_file_ref idref="fl-c"/>
      </object_component>
      <object_component id="oc-449">
         <name>.text:xTimerGenericCommand</name>
         <load_address>0x3730</load_address>
         <run_address>0x3730</run_address>
         <size>0x70</size>
         <input_file_ref idref="fl-e"/>
      </object_component>
      <object_component id="oc-12">
         <name>.text:decompress:lzss</name>
         <load_address>0x37a0</load_address>
         <run_address>0x37a0</run_address>
         <size>0x68</size>
         <input_file_ref idref="fl-d4"/>
      </object_component>
      <object_component id="oc-2a3">
         <name>.text:prvCheckForValidListAndQueue</name>
         <load_address>0x3808</load_address>
         <run_address>0x3808</run_address>
         <size>0x68</size>
         <input_file_ref idref="fl-e"/>
      </object_component>
      <object_component id="oc-2c0">
         <name>.text:prvCheckTasksWaitingTermination</name>
         <load_address>0x3870</load_address>
         <run_address>0x3870</run_address>
         <size>0x68</size>
         <input_file_ref idref="fl-d"/>
      </object_component>
      <object_component id="oc-4e6">
         <name>.text:vTaskPlaceOnEventList</name>
         <load_address>0x38d8</load_address>
         <run_address>0x38d8</run_address>
         <size>0x68</size>
         <input_file_ref idref="fl-d"/>
      </object_component>
      <object_component id="oc-4a8">
         <name>.text:vListInsert</name>
         <load_address>0x3940</load_address>
         <run_address>0x3940</run_address>
         <size>0x66</size>
         <input_file_ref idref="fl-b"/>
      </object_component>
      <object_component id="oc-2f8">
         <name>.text</name>
         <load_address>0x39a8</load_address>
         <run_address>0x39a8</run_address>
         <size>0x64</size>
         <input_file_ref idref="fl-ef"/>
      </object_component>
      <object_component id="oc-436">
         <name>.text:prvProcessExpiredTimer</name>
         <load_address>0x3a0c</load_address>
         <run_address>0x3a0c</run_address>
         <size>0x60</size>
         <input_file_ref idref="fl-e"/>
      </object_component>
      <object_component id="oc-1b0">
         <name>.text</name>
         <load_address>0x3a6c</load_address>
         <run_address>0x3a6c</run_address>
         <size>0x60</size>
         <input_file_ref idref="fl-dd"/>
      </object_component>
      <object_component id="oc-27e">
         <name>.text:prvAllocateTCBAndStack</name>
         <load_address>0x3acc</load_address>
         <run_address>0x3acc</run_address>
         <size>0x5e</size>
         <input_file_ref idref="fl-d"/>
      </object_component>
      <object_component id="oc-4f4">
         <name>.text:prvAddCurrentTaskToDelayedList</name>
         <load_address>0x3b2c</load_address>
         <run_address>0x3b2c</run_address>
         <size>0x5c</size>
         <input_file_ref idref="fl-d"/>
      </object_component>
      <object_component id="oc-28a">
         <name>.text:pxPortInitialiseStack</name>
         <load_address>0x3b88</load_address>
         <run_address>0x3b88</run_address>
         <size>0x5c</size>
         <input_file_ref idref="fl-f"/>
      </object_component>
      <object_component id="oc-24">
         <name>.text</name>
         <load_address>0x3be4</load_address>
         <run_address>0x3be4</run_address>
         <size>0x54</size>
         <input_file_ref idref="fl-d3"/>
      </object_component>
      <object_component id="oc-8c">
         <name>.text</name>
         <load_address>0x3c38</load_address>
         <run_address>0x3c38</run_address>
         <size>0x54</size>
         <input_file_ref idref="fl-d7"/>
      </object_component>
      <object_component id="oc-2e8">
         <name>.text</name>
         <load_address>0x3c8c</load_address>
         <run_address>0x3c8c</run_address>
         <size>0x54</size>
         <input_file_ref idref="fl-ed"/>
      </object_component>
      <object_component id="oc-43c">
         <name>.text:vQueueWaitForMessageRestricted</name>
         <load_address>0x3ce0</load_address>
         <run_address>0x3ce0</run_address>
         <size>0x54</size>
         <input_file_ref idref="fl-c"/>
      </object_component>
      <object_component id="oc-3f9">
         <name>.text:prvHeapInit</name>
         <load_address>0x3d34</load_address>
         <run_address>0x3d34</run_address>
         <size>0x50</size>
         <input_file_ref idref="fl-11"/>
      </object_component>
      <object_component id="oc-30a">
         <name>.text</name>
         <load_address>0x3d84</load_address>
         <run_address>0x3d84</run_address>
         <size>0x4c</size>
         <input_file_ref idref="fl-e3"/>
      </object_component>
      <object_component id="oc-cd">
         <name>.text</name>
         <load_address>0x3dd0</load_address>
         <run_address>0x3dd0</run_address>
         <size>0x4c</size>
         <input_file_ref idref="fl-e5"/>
      </object_component>
      <object_component id="oc-380">
         <name>.text:vQueueAddToRegistry</name>
         <load_address>0x3e1c</load_address>
         <run_address>0x3e1c</run_address>
         <size>0x4c</size>
         <input_file_ref idref="fl-c"/>
      </object_component>
      <object_component id="oc-1f8">
         <name>.text:GPIOPinConfigure</name>
         <load_address>0x3e68</load_address>
         <run_address>0x3e68</run_address>
         <size>0x48</size>
         <input_file_ref idref="fl-18"/>
      </object_component>
      <object_component id="oc-1b6">
         <name>.text:UART_putstr</name>
         <load_address>0x3eb0</load_address>
         <run_address>0x3eb0</run_address>
         <size>0x48</size>
         <input_file_ref idref="fl-7"/>
      </object_component>
      <object_component id="oc-1db">
         <name>.text:_SysCtlFrequencyGet</name>
         <load_address>0x3ef8</load_address>
         <run_address>0x3ef8</run_address>
         <size>0x48</size>
         <input_file_ref idref="fl-1b"/>
      </object_component>
      <object_component id="oc-2e3">
         <name>.text</name>
         <load_address>0x3f40</load_address>
         <run_address>0x3f40</run_address>
         <size>0x48</size>
         <input_file_ref idref="fl-ea"/>
      </object_component>
      <object_component id="oc-109">
         <name>.text:uxListRemove</name>
         <load_address>0x3f88</load_address>
         <run_address>0x3f88</run_address>
         <size>0x48</size>
         <input_file_ref idref="fl-b"/>
      </object_component>
      <object_component id="oc-217">
         <name>.text:xTimerCreateTimerTask</name>
         <load_address>0x3fd0</load_address>
         <run_address>0x3fd0</run_address>
         <size>0x48</size>
         <input_file_ref idref="fl-e"/>
      </object_component>
      <object_component id="oc-204">
         <name>.text:UARTConfigSetExpClk</name>
         <load_address>0x4018</load_address>
         <run_address>0x4018</run_address>
         <size>0x46</size>
         <input_file_ref idref="fl-1c"/>
      </object_component>
      <object_component id="oc-21d">
         <name>.text:xPortStartScheduler</name>
         <load_address>0x4060</load_address>
         <run_address>0x4060</run_address>
         <size>0x44</size>
         <input_file_ref idref="fl-f"/>
      </object_component>
      <object_component id="oc-243">
         <name>.text</name>
         <load_address>0x40a4</load_address>
         <run_address>0x40a4</run_address>
         <size>0x40</size>
         <input_file_ref idref="fl-df"/>
      </object_component>
      <object_component id="oc-4c2">
         <name>.text:prvCopyDataFromQueue</name>
         <load_address>0x40e4</load_address>
         <run_address>0x40e4</run_address>
         <size>0x3c</size>
         <input_file_ref idref="fl-c"/>
      </object_component>
      <object_component id="oc-103">
         <name>.text:prvResetNextTaskUnblockTime</name>
         <load_address>0x4120</load_address>
         <run_address>0x4120</run_address>
         <size>0x3c</size>
         <input_file_ref idref="fl-d"/>
      </object_component>
      <object_component id="oc-10f">
         <name>.text:vListInsertEnd</name>
         <load_address>0x415c</load_address>
         <run_address>0x415c</run_address>
         <size>0x3c</size>
         <input_file_ref idref="fl-b"/>
      </object_component>
      <object_component id="oc-1f2">
         <name>.text:SysCtlPeripheralReady</name>
         <load_address>0x4198</load_address>
         <run_address>0x4198</run_address>
         <size>0x38</size>
         <input_file_ref idref="fl-1b"/>
      </object_component>
      <object_component id="oc-39a">
         <name>.text:prvGetNextExpireTime</name>
         <load_address>0x41d0</load_address>
         <run_address>0x41d0</run_address>
         <size>0x38</size>
         <input_file_ref idref="fl-e"/>
      </object_component>
      <object_component id="oc-1ec">
         <name>.text:SysCtlPeripheralEnable</name>
         <load_address>0x4208</load_address>
         <run_address>0x4208</run_address>
         <size>0x34</size>
         <input_file_ref idref="fl-1b"/>
      </object_component>
      <object_component id="oc-434">
         <name>.text:prvSampleTimeNow</name>
         <load_address>0x423c</load_address>
         <run_address>0x423c</run_address>
         <size>0x34</size>
         <input_file_ref idref="fl-e"/>
      </object_component>
      <object_component id="oc-363">
         <name>.text:vListInitialise</name>
         <load_address>0x4270</load_address>
         <run_address>0x4270</run_address>
         <size>0x30</size>
         <input_file_ref idref="fl-b"/>
      </object_component>
      <object_component id="oc-4af">
         <name>.text:xTaskGetSchedulerState</name>
         <load_address>0x42a0</load_address>
         <run_address>0x42a0</run_address>
         <size>0x30</size>
         <input_file_ref idref="fl-d"/>
      </object_component>
      <object_component id="oc-2ee">
         <name>.text</name>
         <load_address>0x42d0</load_address>
         <run_address>0x42d0</run_address>
         <size>0x2e</size>
         <input_file_ref idref="fl-ec"/>
      </object_component>
      <object_component id="oc-f9">
         <name>.text:vApplicationStackOverflowHook</name>
         <load_address>0x4300</load_address>
         <run_address>0x4300</run_address>
         <size>0x2e</size>
         <input_file_ref idref="fl-3"/>
      </object_component>
      <object_component id="oc-48">
         <name>.text:xPortSysTickHandler</name>
         <load_address>0x4330</load_address>
         <run_address>0x4330</run_address>
         <size>0x2c</size>
         <input_file_ref idref="fl-f"/>
      </object_component>
      <object_component id="oc-269">
         <name>.text:GPIODirModeSet</name>
         <load_address>0x435c</load_address>
         <run_address>0x435c</run_address>
         <size>0x2a</size>
         <input_file_ref idref="fl-18"/>
      </object_component>
      <object_component id="oc-50a">
         <name>.text:prvIsQueueFull</name>
         <load_address>0x4386</load_address>
         <run_address>0x4386</run_address>
         <size>0x26</size>
         <input_file_ref idref="fl-c"/>
      </object_component>
      <object_component id="oc-290">
         <name>.text:vPortEnterCritical</name>
         <load_address>0x43ac</load_address>
         <run_address>0x43ac</run_address>
         <size>0x24</size>
         <input_file_ref idref="fl-f"/>
      </object_component>
      <object_component id="oc-4ce">
         <name>.text:vTaskSetTimeOutState</name>
         <load_address>0x43d0</load_address>
         <run_address>0x43d0</run_address>
         <size>0x24</size>
         <input_file_ref idref="fl-d"/>
      </object_component>
      <object_component id="oc-276">
         <name>.text:UARTDisable</name>
         <load_address>0x43f4</load_address>
         <run_address>0x43f4</run_address>
         <size>0x20</size>
         <input_file_ref idref="fl-1c"/>
      </object_component>
      <object_component id="oc-1d5">
         <name>.text:_SysCtlMemTimingGet</name>
         <load_address>0x4414</load_address>
         <run_address>0x4414</run_address>
         <size>0x20</size>
         <input_file_ref idref="fl-1b"/>
      </object_component>
      <object_component id="oc-4da">
         <name>.text:prvIsQueueEmpty</name>
         <load_address>0x4434</load_address>
         <run_address>0x4434</run_address>
         <size>0x20</size>
         <input_file_ref idref="fl-c"/>
      </object_component>
      <object_component id="oc-4c8">
         <name>.text:pvTaskIncrementMutexHeldCount</name>
         <load_address>0x4454</load_address>
         <run_address>0x4454</run_address>
         <size>0x1c</size>
         <input_file_ref idref="fl-d"/>
      </object_component>
      <object_component id="oc-310">
         <name>.text</name>
         <load_address>0x4470</load_address>
         <run_address>0x4470</run_address>
         <size>0x1c</size>
         <input_file_ref idref="fl-ee"/>
      </object_component>
      <object_component id="oc-29c">
         <name>.text:vPortExitCritical</name>
         <load_address>0x448c</load_address>
         <run_address>0x448c</run_address>
         <size>0x1c</size>
         <input_file_ref idref="fl-f"/>
      </object_component>
      <object_component id="oc-2af">
         <name>.text:prvTimerTask</name>
         <load_address>0x44a8</load_address>
         <run_address>0x44a8</run_address>
         <size>0x1a</size>
         <input_file_ref idref="fl-e"/>
      </object_component>
      <object_component id="oc-86">
         <name>.text</name>
         <load_address>0x44c4</load_address>
         <run_address>0x44c4</run_address>
         <size>0x18</size>
         <input_file_ref idref="fl-e2"/>
      </object_component>
      <object_component id="oc-2b6">
         <name>.text:vPortSetupTimerInterrupt</name>
         <load_address>0x44dc</load_address>
         <run_address>0x44dc</run_address>
         <size>0x18</size>
         <input_file_ref idref="fl-f"/>
      </object_component>
      <object_component id="oc-304">
         <name>.text</name>
         <load_address>0x44f4</load_address>
         <run_address>0x44f4</run_address>
         <size>0x16</size>
         <input_file_ref idref="fl-f2"/>
      </object_component>
      <object_component id="oc-20a">
         <name>.text:UARTEnable</name>
         <load_address>0x450a</load_address>
         <run_address>0x450a</run_address>
         <size>0x14</size>
         <input_file_ref idref="fl-1c"/>
      </object_component>
      <object_component id="oc-3bc">
         <name>.text:prvDeleteTCB</name>
         <load_address>0x451e</load_address>
         <run_address>0x451e</run_address>
         <size>0x14</size>
         <input_file_ref idref="fl-d"/>
      </object_component>
      <object_component id="oc-13a">
         <name>.text</name>
         <load_address>0x4534</load_address>
         <run_address>0x4534</run_address>
         <size>0x14</size>
         <input_file_ref idref="fl-e0"/>
      </object_component>
      <object_component id="oc-3d5">
         <name>.text</name>
         <load_address>0x4548</load_address>
         <run_address>0x4548</run_address>
         <size>0x14</size>
         <input_file_ref idref="fl-f6"/>
      </object_component>
      <object_component id="oc-2ce">
         <name>.text</name>
         <load_address>0x455c</load_address>
         <run_address>0x455c</run_address>
         <size>0x14</size>
         <input_file_ref idref="fl-f3"/>
      </object_component>
      <object_component id="oc-48e">
         <name>.text:xTaskGetTickCount</name>
         <load_address>0x4570</load_address>
         <run_address>0x4570</run_address>
         <size>0x14</size>
         <input_file_ref idref="fl-d"/>
      </object_component>
      <object_component id="oc-1fe">
         <name>.text:GPIOPinTypeUART</name>
         <load_address>0x4584</load_address>
         <run_address>0x4584</run_address>
         <size>0x12</size>
         <input_file_ref idref="fl-18"/>
      </object_component>
      <object_component id="oc-35b">
         <name>.text:prvTaskExitError</name>
         <load_address>0x4596</load_address>
         <run_address>0x4596</run_address>
         <size>0x10</size>
         <input_file_ref idref="fl-f"/>
      </object_component>
      <object_component id="oc-354">
         <name>.text:vListInitialiseItem</name>
         <load_address>0x45a6</load_address>
         <run_address>0x45a6</run_address>
         <size>0x10</size>
         <input_file_ref idref="fl-b"/>
      </object_component>
      <object_component id="oc-3b0">
         <name>.text:vTaskSuspendAll</name>
         <load_address>0x45b8</load_address>
         <run_address>0x45b8</run_address>
         <size>0x10</size>
         <input_file_ref idref="fl-d"/>
      </object_component>
      <object_component id="oc-18">
         <name>.text:decompress:none</name>
         <load_address>0x45c8</load_address>
         <run_address>0x45c8</run_address>
         <size>0xe</size>
         <input_file_ref idref="fl-d5"/>
      </object_component>
      <object_component id="oc-1e">
         <name>.text:decompress:ZI</name>
         <load_address>0x45d6</load_address>
         <run_address>0x45d6</run_address>
         <size>0xc</size>
         <input_file_ref idref="fl-d6"/>
      </object_component>
      <object_component id="oc-4fb">
         <name>.text:vTaskMissedYield</name>
         <load_address>0x45e4</load_address>
         <run_address>0x45e4</run_address>
         <size>0xc</size>
         <input_file_ref idref="fl-d"/>
      </object_component>
      <object_component id="oc-1a5">
         <name>.text:UARTCharPut</name>
         <load_address>0x45f0</load_address>
         <run_address>0x45f0</run_address>
         <size>0xa</size>
         <input_file_ref idref="fl-1c"/>
      </object_component>
      <object_component id="oc-db">
         <name>.text:main</name>
         <load_address>0x45fa</load_address>
         <run_address>0x45fa</run_address>
         <size>0xa</size>
         <input_file_ref idref="fl-6"/>
      </object_component>
      <object_component id="oc-223">
         <name>.text:prvIdleTask</name>
         <load_address>0x4604</load_address>
         <run_address>0x4604</run_address>
         <size>0xa</size>
         <input_file_ref idref="fl-d"/>
      </object_component>
      <object_component id="oc-2b">
         <name>.text:ResetISR</name>
         <load_address>0x460e</load_address>
         <run_address>0x460e</run_address>
         <size>0x6</size>
         <input_file_ref idref="fl-a"/>
      </object_component>
      <object_component id="oc-7a">
         <name>.text</name>
         <load_address>0x4614</load_address>
         <run_address>0x4614</run_address>
         <size>0x4</size>
         <input_file_ref idref="fl-dc"/>
      </object_component>
      <object_component id="oc-1e4">
         <name>.const:g_pppui32XTALtoVCO</name>
         <load_address>0x4618</load_address>
         <run_address>0x4618</run_address>
         <size>0x1b0</size>
         <input_file_ref idref="fl-1b"/>
      </object_component>
      <object_component id="oc-3e2">
         <name>.const:.string:_ctypes_</name>
         <load_address>0x47c8</load_address>
         <run_address>0x47c8</run_address>
         <size>0x101</size>
         <input_file_ref idref="fl-e6"/>
      </object_component>
      <object_component id="oc-402">
         <name>.const</name>
         <load_address>0x48ca</load_address>
         <run_address>0x48ca</run_address>
         <size>0x2</size>
         <input_file_ref idref="fl-11"/>
      </object_component>
      <object_component id="oc-264">
         <name>.const:g_pui32GPIOBaseAddrs</name>
         <load_address>0x48cc</load_address>
         <run_address>0x48cc</run_address>
         <size>0x90</size>
         <input_file_ref idref="fl-18"/>
      </object_component>
      <object_component id="oc-1e1">
         <name>.const:g_pui32Xtals</name>
         <load_address>0x495c</load_address>
         <run_address>0x495c</run_address>
         <size>0x6c</size>
         <input_file_ref idref="fl-1b"/>
      </object_component>
      <object_component id="oc-250">
         <name>.const:g_sXTALtoMEMTIM</name>
         <load_address>0x49c8</load_address>
         <run_address>0x49c8</run_address>
         <size>0x30</size>
         <input_file_ref idref="fl-1b"/>
      </object_component>
      <object_component id="oc-1c2">
         <name>.const:UART</name>
         <load_address>0x49f8</load_address>
         <run_address>0x49f8</run_address>
         <size>0x10</size>
         <input_file_ref idref="fl-7"/>
      </object_component>
      <object_component id="oc-248">
         <name>.const:buff_arr</name>
         <load_address>0x4a08</load_address>
         <run_address>0x4a08</run_address>
         <size>0x10</size>
         <input_file_ref idref="fl-7"/>
      </object_component>
      <object_component id="oc-1e7">
         <name>.const</name>
         <load_address>0x4a18</load_address>
         <run_address>0x4a18</run_address>
         <size>0x8</size>
         <input_file_ref idref="fl-1b"/>
      </object_component>
      <object_component id="oc-9d">
         <name>.const</name>
         <load_address>0x4a20</load_address>
         <run_address>0x4a20</run_address>
         <size>0x4</size>
         <input_file_ref idref="fl-f"/>
      </object_component>
      <object_component id="oc-545">
         <name>.cinit..data.load</name>
         <load_address>0x4a28</load_address>
         <run_address>0x4a28</run_address>
         <size>0x1d</size>
      </object_component>
      <object_component id="oc-543">
         <name>__TI_handler_table</name>
         <load_address>0x4a48</load_address>
         <run_address>0x4a48</run_address>
         <size>0xc</size>
      </object_component>
      <object_component id="oc-546">
         <name>.cinit..bss.load</name>
         <load_address>0x4a58</load_address>
         <run_address>0x4a58</run_address>
         <size>0x8</size>
      </object_component>
      <object_component id="oc-544">
         <name>__TI_cinit_table</name>
         <load_address>0x4a60</load_address>
         <run_address>0x4a60</run_address>
         <size>0x10</size>
      </object_component>
      <object_component id="oc-196">
         <name>.data</name>
         <load_address>0x20007a10</load_address>
         <run_address>0x20007a10</run_address>
         <size>0x4</size>
         <input_file_ref idref="fl-2"/>
      </object_component>
      <object_component id="oc-9a">
         <name>.data</name>
         <load_address>0x200079bc</load_address>
         <run_address>0x200079bc</run_address>
         <size>0x30</size>
         <input_file_ref idref="fl-d"/>
      </object_component>
      <object_component id="oc-2a9">
         <name>.data</name>
         <load_address>0x20007a08</load_address>
         <run_address>0x20007a08</run_address>
         <size>0x8</size>
         <input_file_ref idref="fl-e"/>
      </object_component>
      <object_component id="oc-2bc">
         <name>.data</name>
         <load_address>0x20007a14</load_address>
         <run_address>0x20007a14</run_address>
         <size>0x4</size>
         <input_file_ref idref="fl-f"/>
      </object_component>
      <object_component id="oc-3ff">
         <name>.data</name>
         <load_address>0x20007a00</load_address>
         <run_address>0x20007a00</run_address>
         <size>0x8</size>
         <input_file_ref idref="fl-11"/>
      </object_component>
      <object_component id="oc-e3">
         <name>.data:$O1$$</name>
         <load_address>0x200079ec</load_address>
         <run_address>0x200079ec</run_address>
         <size>0xc</size>
         <input_file_ref idref="fl-d7"/>
      </object_component>
      <object_component id="oc-92">
         <name>.data</name>
         <load_address>0x20007a1c</load_address>
         <run_address>0x20007a1c</run_address>
         <size>0x4</size>
         <input_file_ref idref="fl-de"/>
      </object_component>
      <object_component id="oc-e6">
         <name>.data:$O1$$</name>
         <load_address>0x200079f8</load_address>
         <run_address>0x200079f8</run_address>
         <size>0x8</size>
         <input_file_ref idref="fl-e0"/>
      </object_component>
      <object_component id="oc-3db">
         <name>.data</name>
         <load_address>0x20007a18</load_address>
         <run_address>0x20007a18</run_address>
         <size>0x4</size>
         <input_file_ref idref="fl-f5"/>
      </object_component>
      <object_component id="oc-330">
         <name>.bss:buf0</name>
         <uninitialized>true</uninitialized>
         <run_address>0x200076c0</run_address>
         <size>0x24</size>
         <input_file_ref idref="fl-7"/>
      </object_component>
      <object_component id="oc-333">
         <name>.bss:buf1</name>
         <uninitialized>true</uninitialized>
         <run_address>0x200077b4</run_address>
         <size>0x4</size>
         <input_file_ref idref="fl-7"/>
      </object_component>
      <object_component id="oc-336">
         <name>.bss:buf2</name>
         <uninitialized>true</uninitialized>
         <run_address>0x200077b8</run_address>
         <size>0x4</size>
         <input_file_ref idref="fl-7"/>
      </object_component>
      <object_component id="oc-339">
         <name>.bss:buf3</name>
         <uninitialized>true</uninitialized>
         <run_address>0x200076e4</run_address>
         <size>0x24</size>
         <input_file_ref idref="fl-7"/>
      </object_component>
      <object_component id="oc-ff">
         <name>.bss:pxReadyTasksLists</name>
         <uninitialized>true</uninitialized>
         <run_address>0x20007530</run_address>
         <size>0x140</size>
         <input_file_ref idref="fl-d"/>
      </object_component>
      <object_component id="oc-369">
         <name>.bss:xDelayedTaskList1</name>
         <uninitialized>true</uninitialized>
         <run_address>0x20007730</run_address>
         <size>0x14</size>
         <input_file_ref idref="fl-d"/>
      </object_component>
      <object_component id="oc-36c">
         <name>.bss:xDelayedTaskList2</name>
         <uninitialized>true</uninitialized>
         <run_address>0x20007744</run_address>
         <size>0x14</size>
         <input_file_ref idref="fl-d"/>
      </object_component>
      <object_component id="oc-115">
         <name>.bss</name>
         <uninitialized>true</uninitialized>
         <run_address>0x20007794</run_address>
         <size>0x8</size>
         <input_file_ref idref="fl-d"/>
      </object_component>
      <object_component id="oc-36f">
         <name>.bss:xPendingReadyList</name>
         <uninitialized>true</uninitialized>
         <run_address>0x20007758</run_address>
         <size>0x14</size>
         <input_file_ref idref="fl-d"/>
      </object_component>
      <object_component id="oc-372">
         <name>.bss:xTasksWaitingTermination</name>
         <uninitialized>true</uninitialized>
         <run_address>0x20007780</run_address>
         <size>0x14</size>
         <input_file_ref idref="fl-d"/>
      </object_component>
      <object_component id="oc-375">
         <name>.bss:xSuspendedTaskList</name>
         <uninitialized>true</uninitialized>
         <run_address>0x2000776c</run_address>
         <size>0x14</size>
         <input_file_ref idref="fl-d"/>
      </object_component>
      <object_component id="oc-386">
         <name>.bss:xActiveTimerList1</name>
         <uninitialized>true</uninitialized>
         <run_address>0x20007708</run_address>
         <size>0x14</size>
         <input_file_ref idref="fl-e"/>
      </object_component>
      <object_component id="oc-389">
         <name>.bss:xActiveTimerList2</name>
         <uninitialized>true</uninitialized>
         <run_address>0x2000771c</run_address>
         <size>0x14</size>
         <input_file_ref idref="fl-e"/>
      </object_component>
      <object_component id="oc-38c">
         <name>.bss</name>
         <uninitialized>true</uninitialized>
         <run_address>0x2000779c</run_address>
         <size>0x8</size>
         <input_file_ref idref="fl-e"/>
      </object_component>
      <object_component id="oc-46d">
         <name>.bss:ucHeap</name>
         <uninitialized>true</uninitialized>
         <run_address>0x20000000</run_address>
         <size>0x7530</size>
         <input_file_ref idref="fl-11"/>
      </object_component>
      <object_component id="oc-405">
         <name>.bss:xStart</name>
         <uninitialized>true</uninitialized>
         <run_address>0x200077ac</run_address>
         <size>0x8</size>
         <input_file_ref idref="fl-11"/>
      </object_component>
      <object_component id="oc-408">
         <name>.bss:xEnd</name>
         <uninitialized>true</uninitialized>
         <run_address>0x200077a4</run_address>
         <size>0x8</size>
         <input_file_ref idref="fl-11"/>
      </object_component>
      <object_component id="oc-424">
         <name>.common:xQueueRegistry</name>
         <uninitialized>true</uninitialized>
         <run_address>0x20007670</run_address>
         <size>0x50</size>
      </object_component>
      <object_component id="oc-2a">
         <name>.stack</name>
         <uninitialized>true</uninitialized>
         <run_address>0x200077bc</run_address>
         <size>0x0</size>
         <input_file_ref idref="fl-d3"/>
      </object_component>
      <object_component id="oc-547">
         <name>.stack</name>
         <uninitialized>true</uninitialized>
         <run_address>0x200077bc</run_address>
         <size>0x0</size>
      </object_component>
      <object_component id="oc-19d">
         <name>.debug_info</name>
         <load_address>0x0</load_address>
         <run_address>0x0</run_address>
         <size>0x39f</size>
         <input_file_ref idref="fl-2"/>
      </object_component>
      <object_component id="oc-197">
         <name>.debug_info</name>
         <load_address>0x39f</load_address>
         <run_address>0x39f</run_address>
         <size>0xe8</size>
         <input_file_ref idref="fl-2"/>
      </object_component>
      <object_component id="oc-12c">
         <name>.debug_info</name>
         <load_address>0x487</load_address>
         <run_address>0x487</run_address>
         <size>0x18d</size>
         <input_file_ref idref="fl-2"/>
      </object_component>
      <object_component id="oc-14d">
         <name>.debug_info</name>
         <load_address>0x614</load_address>
         <run_address>0x614</run_address>
         <size>0x2ef</size>
         <input_file_ref idref="fl-2"/>
      </object_component>
      <object_component id="oc-1c6">
         <name>.debug_info</name>
         <load_address>0x903</load_address>
         <run_address>0x903</run_address>
         <size>0xa2</size>
         <input_file_ref idref="fl-2"/>
      </object_component>
      <object_component id="oc-57">
         <name>.debug_info</name>
         <load_address>0x9a5</load_address>
         <run_address>0x9a5</run_address>
         <size>0x84</size>
         <input_file_ref idref="fl-2"/>
      </object_component>
      <object_component id="oc-392">
         <name>.debug_info</name>
         <load_address>0xa29</load_address>
         <run_address>0xa29</run_address>
         <size>0x46</size>
         <input_file_ref idref="fl-2"/>
      </object_component>
      <object_component id="oc-161">
         <name>.debug_info</name>
         <load_address>0xa6f</load_address>
         <run_address>0xa6f</run_address>
         <size>0x2c</size>
         <input_file_ref idref="fl-2"/>
      </object_component>
      <object_component id="oc-b0">
         <name>.debug_info</name>
         <load_address>0xa9b</load_address>
         <run_address>0xa9b</run_address>
         <size>0x18b</size>
         <input_file_ref idref="fl-2"/>
      </object_component>
      <object_component id="oc-f1">
         <name>.debug_info</name>
         <load_address>0xc26</load_address>
         <run_address>0xc26</run_address>
         <size>0x53</size>
         <input_file_ref idref="fl-2"/>
      </object_component>
      <object_component id="oc-1cc">
         <name>.debug_info</name>
         <load_address>0xc79</load_address>
         <run_address>0xc79</run_address>
         <size>0x4e</size>
         <input_file_ref idref="fl-2"/>
      </object_component>
      <object_component id="oc-157">
         <name>.debug_info</name>
         <load_address>0xcc7</load_address>
         <run_address>0xcc7</run_address>
         <size>0x14c</size>
         <input_file_ref idref="fl-2"/>
      </object_component>
      <object_component id="oc-16f">
         <name>.debug_info</name>
         <load_address>0xe13</load_address>
         <run_address>0xe13</run_address>
         <size>0x301</size>
         <input_file_ref idref="fl-3"/>
      </object_component>
      <object_component id="oc-fc">
         <name>.debug_info</name>
         <load_address>0x1114</load_address>
         <run_address>0x1114</run_address>
         <size>0x1ca</size>
         <input_file_ref idref="fl-3"/>
      </object_component>
      <object_component id="oc-19e">
         <name>.debug_info</name>
         <load_address>0x12de</load_address>
         <run_address>0x12de</run_address>
         <size>0x4cf</size>
         <input_file_ref idref="fl-4"/>
      </object_component>
      <object_component id="oc-152">
         <name>.debug_info</name>
         <load_address>0x17ad</load_address>
         <run_address>0x17ad</run_address>
         <size>0x46</size>
         <input_file_ref idref="fl-4"/>
      </object_component>
      <object_component id="oc-de">
         <name>.debug_info</name>
         <load_address>0x17f3</load_address>
         <run_address>0x17f3</run_address>
         <size>0x119</size>
         <input_file_ref idref="fl-6"/>
      </object_component>
      <object_component id="oc-1cb">
         <name>.debug_info</name>
         <load_address>0x190c</load_address>
         <run_address>0x190c</run_address>
         <size>0x491</size>
         <input_file_ref idref="fl-7"/>
      </object_component>
      <object_component id="oc-1c3">
         <name>.debug_info</name>
         <load_address>0x1d9d</load_address>
         <run_address>0x1d9d</run_address>
         <size>0xd8</size>
         <input_file_ref idref="fl-7"/>
      </object_component>
      <object_component id="oc-331">
         <name>.debug_info</name>
         <load_address>0x1e75</load_address>
         <run_address>0x1e75</run_address>
         <size>0xd7</size>
         <input_file_ref idref="fl-7"/>
      </object_component>
      <object_component id="oc-334">
         <name>.debug_info</name>
         <load_address>0x1f4c</load_address>
         <run_address>0x1f4c</run_address>
         <size>0xd7</size>
         <input_file_ref idref="fl-7"/>
      </object_component>
      <object_component id="oc-337">
         <name>.debug_info</name>
         <load_address>0x2023</load_address>
         <run_address>0x2023</run_address>
         <size>0xd7</size>
         <input_file_ref idref="fl-7"/>
      </object_component>
      <object_component id="oc-33a">
         <name>.debug_info</name>
         <load_address>0x20fa</load_address>
         <run_address>0x20fa</run_address>
         <size>0xd7</size>
         <input_file_ref idref="fl-7"/>
      </object_component>
      <object_component id="oc-249">
         <name>.debug_info</name>
         <load_address>0x21d1</load_address>
         <run_address>0x21d1</run_address>
         <size>0xe0</size>
         <input_file_ref idref="fl-7"/>
      </object_component>
      <object_component id="oc-18b">
         <name>.debug_info</name>
         <load_address>0x22b1</load_address>
         <run_address>0x22b1</run_address>
         <size>0x2cb</size>
         <input_file_ref idref="fl-7"/>
      </object_component>
      <object_component id="oc-1b7">
         <name>.debug_info</name>
         <load_address>0x257c</load_address>
         <run_address>0x257c</run_address>
         <size>0x17c</size>
         <input_file_ref idref="fl-7"/>
      </object_component>
      <object_component id="oc-169">
         <name>.debug_info</name>
         <load_address>0x26f8</load_address>
         <run_address>0x26f8</run_address>
         <size>0x2ee</size>
         <input_file_ref idref="fl-7"/>
      </object_component>
      <object_component id="oc-1bd">
         <name>.debug_info</name>
         <load_address>0x29e6</load_address>
         <run_address>0x29e6</run_address>
         <size>0x193</size>
         <input_file_ref idref="fl-7"/>
      </object_component>
      <object_component id="oc-19f">
         <name>.debug_info</name>
         <load_address>0x2b79</load_address>
         <run_address>0x2b79</run_address>
         <size>0x8b</size>
         <input_file_ref idref="fl-7"/>
      </object_component>
      <object_component id="oc-1a4">
         <name>.debug_info</name>
         <load_address>0x2c04</load_address>
         <run_address>0x2c04</run_address>
         <size>0x8be</size>
         <input_file_ref idref="fl-8"/>
      </object_component>
      <object_component id="oc-232">
         <name>.debug_info</name>
         <load_address>0x34c2</load_address>
         <run_address>0x34c2</run_address>
         <size>0x74</size>
         <input_file_ref idref="fl-8"/>
      </object_component>
      <object_component id="oc-15c">
         <name>.debug_info</name>
         <load_address>0x3536</load_address>
         <run_address>0x3536</run_address>
         <size>0x110</size>
         <input_file_ref idref="fl-8"/>
      </object_component>
      <object_component id="oc-50">
         <name>.debug_info</name>
         <load_address>0x3646</load_address>
         <run_address>0x3646</run_address>
         <size>0x31b</size>
         <input_file_ref idref="fl-a"/>
      </object_component>
      <object_component id="oc-10">
         <name>.debug_info</name>
         <load_address>0x3961</load_address>
         <run_address>0x3961</run_address>
         <size>0xec</size>
         <input_file_ref idref="fl-a"/>
      </object_component>
      <object_component id="oc-2c">
         <name>.debug_info</name>
         <load_address>0x3a4d</load_address>
         <run_address>0x3a4d</run_address>
         <size>0x11c</size>
         <input_file_ref idref="fl-a"/>
      </object_component>
      <object_component id="oc-32">
         <name>.debug_info</name>
         <load_address>0x3b69</load_address>
         <run_address>0x3b69</run_address>
         <size>0x10d</size>
         <input_file_ref idref="fl-a"/>
      </object_component>
      <object_component id="oc-38">
         <name>.debug_info</name>
         <load_address>0x3c76</load_address>
         <run_address>0x3c76</run_address>
         <size>0x113</size>
         <input_file_ref idref="fl-a"/>
      </object_component>
      <object_component id="oc-3e">
         <name>.debug_info</name>
         <load_address>0x3d89</load_address>
         <run_address>0x3d89</run_address>
         <size>0x125</size>
         <input_file_ref idref="fl-a"/>
      </object_component>
      <object_component id="oc-174">
         <name>.debug_info</name>
         <load_address>0x3eae</load_address>
         <run_address>0x3eae</run_address>
         <size>0x2fe</size>
         <input_file_ref idref="fl-b"/>
      </object_component>
      <object_component id="oc-364">
         <name>.debug_info</name>
         <load_address>0x41ac</load_address>
         <run_address>0x41ac</run_address>
         <size>0x1f1</size>
         <input_file_ref idref="fl-b"/>
      </object_component>
      <object_component id="oc-355">
         <name>.debug_info</name>
         <load_address>0x439d</load_address>
         <run_address>0x439d</run_address>
         <size>0x1f9</size>
         <input_file_ref idref="fl-b"/>
      </object_component>
      <object_component id="oc-110">
         <name>.debug_info</name>
         <load_address>0x4596</load_address>
         <run_address>0x4596</run_address>
         <size>0x24e</size>
         <input_file_ref idref="fl-b"/>
      </object_component>
      <object_component id="oc-4a9">
         <name>.debug_info</name>
         <load_address>0x47e4</load_address>
         <run_address>0x47e4</run_address>
         <size>0x27a</size>
         <input_file_ref idref="fl-b"/>
      </object_component>
      <object_component id="oc-10a">
         <name>.debug_info</name>
         <load_address>0x4a5e</load_address>
         <run_address>0x4a5e</run_address>
         <size>0x225</size>
         <input_file_ref idref="fl-b"/>
      </object_component>
      <object_component id="oc-422">
         <name>.debug_info</name>
         <load_address>0x4c83</load_address>
         <run_address>0x4c83</run_address>
         <size>0x811</size>
         <input_file_ref idref="fl-c"/>
      </object_component>
      <object_component id="oc-41c">
         <name>.debug_info</name>
         <load_address>0x5494</load_address>
         <run_address>0x5494</run_address>
         <size>0x2cc</size>
         <input_file_ref idref="fl-c"/>
      </object_component>
      <object_component id="oc-37b">
         <name>.debug_info</name>
         <load_address>0x5760</load_address>
         <run_address>0x5760</run_address>
         <size>0x327</size>
         <input_file_ref idref="fl-c"/>
      </object_component>
      <object_component id="oc-4b6">
         <name>.debug_info</name>
         <load_address>0x5a87</load_address>
         <run_address>0x5a87</run_address>
         <size>0x511</size>
         <input_file_ref idref="fl-c"/>
      </object_component>
      <object_component id="oc-4bc">
         <name>.debug_info</name>
         <load_address>0x5f98</load_address>
         <run_address>0x5f98</run_address>
         <size>0x3b0</size>
         <input_file_ref idref="fl-c"/>
      </object_component>
      <object_component id="oc-450">
         <name>.debug_info</name>
         <load_address>0x6348</load_address>
         <run_address>0x6348</run_address>
         <size>0x5a1</size>
         <input_file_ref idref="fl-c"/>
      </object_component>
      <object_component id="oc-505">
         <name>.debug_info</name>
         <load_address>0x68e9</load_address>
         <run_address>0x68e9</run_address>
         <size>0x2d2</size>
         <input_file_ref idref="fl-c"/>
      </object_component>
      <object_component id="oc-4c3">
         <name>.debug_info</name>
         <load_address>0x6bbb</load_address>
         <run_address>0x6bbb</run_address>
         <size>0x244</size>
         <input_file_ref idref="fl-c"/>
      </object_component>
      <object_component id="oc-4a2">
         <name>.debug_info</name>
         <load_address>0x6dff</load_address>
         <run_address>0x6dff</run_address>
         <size>0x2c6</size>
         <input_file_ref idref="fl-c"/>
      </object_component>
      <object_component id="oc-4db">
         <name>.debug_info</name>
         <load_address>0x70c5</load_address>
         <run_address>0x70c5</run_address>
         <size>0x247</size>
         <input_file_ref idref="fl-c"/>
      </object_component>
      <object_component id="oc-50b">
         <name>.debug_info</name>
         <load_address>0x730c</load_address>
         <run_address>0x730c</run_address>
         <size>0x245</size>
         <input_file_ref idref="fl-c"/>
      </object_component>
      <object_component id="oc-381">
         <name>.debug_info</name>
         <load_address>0x7551</load_address>
         <run_address>0x7551</run_address>
         <size>0x24c</size>
         <input_file_ref idref="fl-c"/>
      </object_component>
      <object_component id="oc-43d">
         <name>.debug_info</name>
         <load_address>0x779d</load_address>
         <run_address>0x779d</run_address>
         <size>0x333</size>
         <input_file_ref idref="fl-c"/>
      </object_component>
      <object_component id="oc-489">
         <name>.debug_info</name>
         <load_address>0x7ad0</load_address>
         <run_address>0x7ad0</run_address>
         <size>0x1cd</size>
         <input_file_ref idref="fl-c"/>
      </object_component>
      <object_component id="oc-f0">
         <name>.debug_info</name>
         <load_address>0x7c9d</load_address>
         <run_address>0x7c9d</run_address>
         <size>0x7cb</size>
         <input_file_ref idref="fl-d"/>
      </object_component>
      <object_component id="oc-9b">
         <name>.debug_info</name>
         <load_address>0x8468</load_address>
         <run_address>0x8468</run_address>
         <size>0x32e</size>
         <input_file_ref idref="fl-d"/>
      </object_component>
      <object_component id="oc-100">
         <name>.debug_info</name>
         <load_address>0x8796</load_address>
         <run_address>0x8796</run_address>
         <size>0x12a</size>
         <input_file_ref idref="fl-d"/>
      </object_component>
      <object_component id="oc-36a">
         <name>.debug_info</name>
         <load_address>0x88c0</load_address>
         <run_address>0x88c0</run_address>
         <size>0x12a</size>
         <input_file_ref idref="fl-d"/>
      </object_component>
      <object_component id="oc-36d">
         <name>.debug_info</name>
         <load_address>0x89ea</load_address>
         <run_address>0x89ea</run_address>
         <size>0x12a</size>
         <input_file_ref idref="fl-d"/>
      </object_component>
      <object_component id="oc-116">
         <name>.debug_info</name>
         <load_address>0x8b14</load_address>
         <run_address>0x8b14</run_address>
         <size>0x16c</size>
         <input_file_ref idref="fl-d"/>
      </object_component>
      <object_component id="oc-370">
         <name>.debug_info</name>
         <load_address>0x8c80</load_address>
         <run_address>0x8c80</run_address>
         <size>0x12a</size>
         <input_file_ref idref="fl-d"/>
      </object_component>
      <object_component id="oc-373">
         <name>.debug_info</name>
         <load_address>0x8daa</load_address>
         <run_address>0x8daa</run_address>
         <size>0x138</size>
         <input_file_ref idref="fl-d"/>
      </object_component>
      <object_component id="oc-376">
         <name>.debug_info</name>
         <load_address>0x8ee2</load_address>
         <run_address>0x8ee2</run_address>
         <size>0x12c</size>
         <input_file_ref idref="fl-d"/>
      </object_component>
      <object_component id="oc-212">
         <name>.debug_info</name>
         <load_address>0x900e</load_address>
         <run_address>0x900e</run_address>
         <size>0x454</size>
         <input_file_ref idref="fl-d"/>
      </object_component>
      <object_component id="oc-191">
         <name>.debug_info</name>
         <load_address>0x9462</load_address>
         <run_address>0x9462</run_address>
         <size>0x23b</size>
         <input_file_ref idref="fl-d"/>
      </object_component>
      <object_component id="oc-3b1">
         <name>.debug_info</name>
         <load_address>0x969d</load_address>
         <run_address>0x969d</run_address>
         <size>0x1cc</size>
         <input_file_ref idref="fl-d"/>
      </object_component>
      <object_component id="oc-3b7">
         <name>.debug_info</name>
         <load_address>0x9869</load_address>
         <run_address>0x9869</run_address>
         <size>0x28f</size>
         <input_file_ref idref="fl-d"/>
      </object_component>
      <object_component id="oc-48f">
         <name>.debug_info</name>
         <load_address>0x9af8</load_address>
         <run_address>0x9af8</run_address>
         <size>0x1ea</size>
         <input_file_ref idref="fl-d"/>
      </object_component>
      <object_component id="oc-a8">
         <name>.debug_info</name>
         <load_address>0x9ce2</load_address>
         <run_address>0x9ce2</run_address>
         <size>0x2e7</size>
         <input_file_ref idref="fl-d"/>
      </object_component>
      <object_component id="oc-a1">
         <name>.debug_info</name>
         <load_address>0x9fc9</load_address>
         <run_address>0x9fc9</run_address>
         <size>0x2a0</size>
         <input_file_ref idref="fl-d"/>
      </object_component>
      <object_component id="oc-4e7">
         <name>.debug_info</name>
         <load_address>0xa269</load_address>
         <run_address>0xa269</run_address>
         <size>0x2d9</size>
         <input_file_ref idref="fl-d"/>
      </object_component>
      <object_component id="oc-49c">
         <name>.debug_info</name>
         <load_address>0xa542</load_address>
         <run_address>0xa542</run_address>
         <size>0x347</size>
         <input_file_ref idref="fl-d"/>
      </object_component>
      <object_component id="oc-481">
         <name>.debug_info</name>
         <load_address>0xa889</load_address>
         <run_address>0xa889</run_address>
         <size>0x2af</size>
         <input_file_ref idref="fl-d"/>
      </object_component>
      <object_component id="oc-4cf">
         <name>.debug_info</name>
         <load_address>0xab38</load_address>
         <run_address>0xab38</run_address>
         <size>0x20d</size>
         <input_file_ref idref="fl-d"/>
      </object_component>
      <object_component id="oc-4d5">
         <name>.debug_info</name>
         <load_address>0xad45</load_address>
         <run_address>0xad45</run_address>
         <size>0x2f2</size>
         <input_file_ref idref="fl-d"/>
      </object_component>
      <object_component id="oc-4fc">
         <name>.debug_info</name>
         <load_address>0xb037</load_address>
         <run_address>0xb037</run_address>
         <size>0x1ce</size>
         <input_file_ref idref="fl-d"/>
      </object_component>
      <object_component id="oc-224">
         <name>.debug_info</name>
         <load_address>0xb205</load_address>
         <run_address>0xb205</run_address>
         <size>0x226</size>
         <input_file_ref idref="fl-d"/>
      </object_component>
      <object_component id="oc-285">
         <name>.debug_info</name>
         <load_address>0xb42b</load_address>
         <run_address>0xb42b</run_address>
         <size>0x301</size>
         <input_file_ref idref="fl-d"/>
      </object_component>
      <object_component id="oc-297">
         <name>.debug_info</name>
         <load_address>0xb72c</load_address>
         <run_address>0xb72c</run_address>
         <size>0x27b</size>
         <input_file_ref idref="fl-d"/>
      </object_component>
      <object_component id="oc-2c1">
         <name>.debug_info</name>
         <load_address>0xb9a7</load_address>
         <run_address>0xb9a7</run_address>
         <size>0x2bf</size>
         <input_file_ref idref="fl-d"/>
      </object_component>
      <object_component id="oc-4f8">
         <name>.debug_info</name>
         <load_address>0xbc66</load_address>
         <run_address>0xbc66</run_address>
         <size>0x24c</size>
         <input_file_ref idref="fl-d"/>
      </object_component>
      <object_component id="oc-282">
         <name>.debug_info</name>
         <load_address>0xbeb2</load_address>
         <run_address>0xbeb2</run_address>
         <size>0x2ee</size>
         <input_file_ref idref="fl-d"/>
      </object_component>
      <object_component id="oc-3c0">
         <name>.debug_info</name>
         <load_address>0xc1a0</load_address>
         <run_address>0xc1a0</run_address>
         <size>0x20c</size>
         <input_file_ref idref="fl-d"/>
      </object_component>
      <object_component id="oc-107">
         <name>.debug_info</name>
         <load_address>0xc3ac</load_address>
         <run_address>0xc3ac</run_address>
         <size>0x1f7</size>
         <input_file_ref idref="fl-d"/>
      </object_component>
      <object_component id="oc-4b3">
         <name>.debug_info</name>
         <load_address>0xc5a3</load_address>
         <run_address>0xc5a3</run_address>
         <size>0x1f6</size>
         <input_file_ref idref="fl-d"/>
      </object_component>
      <object_component id="oc-4e4">
         <name>.debug_info</name>
         <load_address>0xc799</load_address>
         <run_address>0xc799</run_address>
         <size>0x259</size>
         <input_file_ref idref="fl-d"/>
      </object_component>
      <object_component id="oc-51f">
         <name>.debug_info</name>
         <load_address>0xc9f2</load_address>
         <run_address>0xc9f2</run_address>
         <size>0x27b</size>
         <input_file_ref idref="fl-d"/>
      </object_component>
      <object_component id="oc-4cc">
         <name>.debug_info</name>
         <load_address>0xcc6d</load_address>
         <run_address>0xcc6d</run_address>
         <size>0x1ec</size>
         <input_file_ref idref="fl-d"/>
      </object_component>
      <object_component id="oc-148">
         <name>.debug_info</name>
         <load_address>0xce59</load_address>
         <run_address>0xce59</run_address>
         <size>0x169</size>
         <input_file_ref idref="fl-d"/>
      </object_component>
[...]
      </symbol>
      <symbol id="sm-14e">
         <name>g_pfnVectors</name>
         <value>0x0</value>
         <object_component_ref idref="oc-f"/>
      </symbol>
      <symbol id="sm-180">
         <name>uxListRemove</name>
         <value>0x3f89</value>
         <object_component_ref idref="oc-109"/>
      </symbol>
      <symbol id="sm-181">
         <name>vListInsert</name>
         <value>0x3941</value>
         <object_component_ref idref="oc-4a8"/>
      </symbol>
      <symbol id="sm-182">
         <name>vListInitialiseItem</name>
         <value>0x45a7</value>
         <object_component_ref idref="oc-354"/>
      </symbol>
      <symbol id="sm-183">
         <name>vListInsertEnd</name>
         <value>0x415d</value>
         <object_component_ref idref="oc-10f"/>
      </symbol>
      <symbol id="sm-184">
         <name>vListInitialise</name>
         <value>0x4271</value>
         <object_component_ref idref="oc-363"/>
      </symbol>
      <symbol id="sm-241">
         <name>xQueueRegistry</name>
         <value>0x20007670</value>
      </symbol>
      <symbol id="sm-242">
         <name>xQueueGenericSendFromISR</name>
         <value>0x2ff9</value>
         <object_component_ref idref="oc-4bb"/>
      </symbol>
      <symbol id="sm-243">
         <name>vQueueAddToRegistry</name>
         <value>0x3e1d</value>
         <object_component_ref idref="oc-380"/>
      </symbol>
      <symbol id="sm-244">
         <name>xQueueGenericCreate</name>
         <value>0x36c1</value>
         <object_component_ref idref="oc-37a"/>
      </symbol>
      <symbol id="sm-245">
         <name>xQueueGenericSend</name>
         <value>0x21d1</value>
         <object_component_ref idref="oc-4b5"/>
      </symbol>
      <symbol id="sm-246">
         <name>xQueueGenericReset</name>
         <value>0x2cfd</value>
         <object_component_ref idref="oc-41b"/>
      </symbol>
      <symbol id="sm-247">
         <name>xQueueGenericReceive</name>
         <value>0x1b8d</value>
         <object_component_ref idref="oc-44f"/>
      </symbol>
      <symbol id="sm-248">
         <name>vQueueWaitForMessageRestricted</name>
         <value>0x3ce1</value>
         <object_component_ref idref="oc-43c"/>
      </symbol>
      <symbol id="sm-422">
         <name>vTaskSuspendAll</name>
         <value>0x45b9</value>
         <object_component_ref idref="oc-3b0"/>
      </symbol>
      <symbol id="sm-423">
         <name>vTaskPriorityInherit</name>
         <value>0x28c5</value>
         <object_component_ref idref="oc-4e0"/>
      </symbol>
      <symbol id="sm-424">
         <name>vTaskPlaceOnEventList</name>
         <value>0x38d9</value>
         <object_component_ref idref="oc-4e6"/>
      </symbol>
      <symbol id="sm-425">
         <name>xTaskCheckForTimeOut</name>
         <value>0x3215</value>
         <object_component_ref idref="oc-4d4"/>
      </symbol>
      <symbol id="sm-426">
         <name>xTaskPriorityDisinherit</name>
         <value>0x2bb1</value>
         <object_component_ref idref="oc-51b"/>
      </symbol>
      <symbol id="sm-427">
         <name>vTaskStartScheduler</name>
         <value>0x331d</value>
         <object_component_ref idref="oc-190"/>
      </symbol>
      <symbol id="sm-428">
         <name>pvTaskIncrementMutexHeldCount</name>
         <value>0x4455</value>
         <object_component_ref idref="oc-4c8"/>
      </symbol>
      <symbol id="sm-429">
         <name>vTaskMissedYield</name>
         <value>0x45e5</value>
         <object_component_ref idref="oc-4fb"/>
      </symbol>
      <symbol id="sm-42a">
         <name>xTaskResumeAll</name>
         <value>0x260d</value>
         <object_component_ref idref="oc-3b6"/>
      </symbol>
      <symbol id="sm-42b">
         <name>xTaskGetTickCount</name>
         <value>0x4571</value>
         <object_component_ref idref="oc-48e"/>
      </symbol>
      <symbol id="sm-42c">
         <name>xTaskGenericCreate</name>
         <value>0x1cf9</value>
         <object_component_ref idref="oc-211"/>
      </symbol>
      <symbol id="sm-42d">
         <name>pxCurrentTCB</name>
         <value>0x200079bc</value>
         <object_component_ref idref="oc-9a"/>
      </symbol>
      <symbol id="sm-42e">
         <name>vTaskPlaceOnEventListRestricted</name>
         <value>0x3651</value>
         <object_component_ref idref="oc-49b"/>
      </symbol>
      <symbol id="sm-42f">
         <name>vTaskSetTimeOutState</name>
         <value>0x43d1</value>
         <object_component_ref idref="oc-4ce"/>
      </symbol>
      <symbol id="sm-430">
         <name>xTaskIncrementTick</name>
         <value>0x1f69</value>
         <object_component_ref idref="oc-a7"/>
      </symbol>
      <symbol id="sm-431">
         <name>vTaskSwitchContext</name>
         <value>0x2a49</value>
         <object_component_ref idref="oc-a0"/>
      </symbol>
      <symbol id="sm-432">
         <name>xTaskGetSchedulerState</name>
         <value>0x42a1</value>
         <object_component_ref idref="oc-4af"/>
      </symbol>
      <symbol id="sm-433">
         <name>xTaskRemoveFromEventList</name>
         <value>0x2f69</value>
         <object_component_ref idref="oc-480"/>
      </symbol>
      <symbol id="sm-4ff">
         <name>xTimerCreateTimerTask</name>
         <value>0x3fd1</value>
         <object_component_ref idref="oc-217"/>
      </symbol>
      <symbol id="sm-500">
         <name>xTimerGenericCommand</name>
         <value>0x3731</value>
         <object_component_ref idref="oc-449"/>
      </symbol>
      <symbol id="sm-55e">
         <name>ulMaxSyscallInterruptPriority</name>
         <value>0x4a20</value>
         <object_component_ref idref="oc-9d"/>
      </symbol>
      <symbol id="sm-55f">
         <name>vPortSetupTimerInterrupt</name>
         <value>0x44dd</value>
         <object_component_ref idref="oc-2b6"/>
      </symbol>
      <symbol id="sm-560">
         <name>xPortSysTickHandler</name>
         <value>0x4331</value>
         <object_component_ref idref="oc-48"/>
      </symbol>
      <symbol id="sm-561">
         <name>pxPortInitialiseStack</name>
         <value>0x3b89</value>
         <object_component_ref idref="oc-28a"/>
      </symbol>
      <symbol id="sm-562">
         <name>vPortExitCritical</name>
         <value>0x448d</value>
         <object_component_ref idref="oc-29c"/>
      </symbol>
      <symbol id="sm-563">
         <name>xPortStartScheduler</name>
         <value>0x4061</value>
         <object_component_ref idref="oc-21d"/>
      </symbol>
      <symbol id="sm-564">
         <name>vPortEnterCritical</name>
         <value>0x43ad</value>
         <object_component_ref idref="oc-290"/>
      </symbol>
      <symbol id="sm-573">
         <name>vPortStartFirstTask</name>
         <value>0x2899</value>
         <object_component_ref idref="oc-43"/>
      </symbol>
      <symbol id="sm-574">
         <name>ulPortGetIPSR</name>
         <value>0x2801</value>
         <object_component_ref idref="oc-43"/>
      </symbol>
      <symbol id="sm-575">
         <name>vPortEnableVFP</name>
         <value>0x28b5</value>
         <object_component_ref idref="oc-43"/>
      </symbol>
      <symbol id="sm-576">
         <name>xPortPendSVHandler</name>
         <value>0x2819</value>
         <object_component_ref idref="oc-43"/>
      </symbol>
      <symbol id="sm-577">
         <name>vPortSVCHandler</name>
         <value>0x2879</value>
         <object_component_ref idref="oc-43"/>
      </symbol>
      <symbol id="sm-5d8">
         <name>pvPortMalloc</name>
         <value>0x22f9</value>
         <object_component_ref idref="oc-347"/>
      </symbol>
      <symbol id="sm-5d9">
         <name>vPortFree</name>
         <value>0x35e1</value>
         <object_component_ref idref="oc-34d"/>
      </symbol>
      <symbol id="sm-60b">
         <name>GPIOPinConfigure</name>
         <value>0x3e69</value>
         <object_component_ref idref="oc-1f8"/>
      </symbol>
      <symbol id="sm-60c">
         <name>GPIOPinTypeUART</name>
         <value>0x4585</value>
         <object_component_ref idref="oc-1fe"/>
      </symbol>
      <symbol id="sm-60d">
         <name>GPIODirModeSet</name>
         <value>0x435d</value>
         <object_component_ref idref="oc-269"/>
      </symbol>
      <symbol id="sm-60e">
         <name>GPIOPadConfigSet</name>
         <value>0x209d</value>
         <object_component_ref idref="oc-26f"/>
      </symbol>
      <symbol id="sm-68a">
         <name>SysCtlPeripheralEnable</name>
         <value>0x4209</value>
         <object_component_ref idref="oc-1ec"/>
      </symbol>
      <symbol id="sm-68b">
         <name>SysCtlPeripheralReady</name>
         <value>0x4199</value>
         <object_component_ref idref="oc-1f2"/>
      </symbol>
      <symbol id="sm-68c">
         <name>SysCtlClockFreqSet</name>
         <value>0x15e1</value>
         <object_component_ref idref="oc-184"/>
      </symbol>
      <symbol id="sm-6b6">
         <name>UARTConfigSetExpClk</name>
         <value>0x4019</value>
         <object_component_ref idref="oc-204"/>
      </symbol>
      <symbol id="sm-6b7">
         <name>UARTDisable</name>
         <value>0x43f5</value>
         <object_component_ref idref="oc-276"/>
      </symbol>
      <symbol id="sm-6b8">
         <name>UARTCharPut</name>
         <value>0x45f1</value>
         <object_component_ref idref="oc-1a5"/>
      </symbol>
      <symbol id="sm-6b9">
         <name>UARTEnable</name>
         <value>0x450b</value>
         <object_component_ref idref="oc-20a"/>
      </symbol>
      <symbol id="sm-6cb">
         <name>_c_int00</name>
         <value>0x3be5</value>
         <object_component_ref idref="oc-24"/>
      </symbol>
      <symbol id="sm-6cc">
         <name>__stack</name>
         <value>0x200077bc</value>
         <object_component_ref idref="oc-2a"/>
      </symbol>
      <symbol id="sm-6ea">
         <name>__TI_decompress_lzss</name>
         <value>0x37a1</value>
         <object_component_ref idref="oc-12"/>
      </symbol>
      <symbol id="sm-701">
         <name>__TI_decompress_none</name>
         <value>0x45c9</value>
         <object_component_ref idref="oc-18"/>
      </symbol>
      <symbol id="sm-718">
         <name>__TI_zero_init</name>
         <value>0x45d7</value>
         <object_component_ref idref="oc-1e"/>
      </symbol>
      <symbol id="sm-739">
         <name>C$$EXIT</name>
         <value>0x3c39</value>
         <object_component_ref idref="oc-8c"/>
      </symbol>
      <symbol id="sm-73a">
         <name>abort</name>
         <value>0x3c3d</value>
         <object_component_ref idref="oc-8c"/>
      </symbol>
      <symbol id="sm-73b">
         <name>exit</name>
         <value>0x3c45</value>
         <object_component_ref idref="oc-8c"/>
      </symbol>
      <symbol id="sm-73c">
         <name>__TI_dtors_ptr</name>
         <value>0x200079f0</value>
         <object_component_ref idref="oc-e3"/>
      </symbol>
      <symbol id="sm-73d">
         <name>__TI_cleanup_ptr</name>
         <value>0x200079ec</value>
         <object_component_ref idref="oc-e3"/>
      </symbol>
      <symbol id="sm-73e">
         <name>__TI_enable_exit_profile_output</name>
         <value>0x200079f4</value>
         <object_component_ref idref="oc-e3"/>
      </symbol>
      <symbol id="sm-760">
         <name>__aeabi_cdcmpeq</name>
         <value>0x3085</value>
         <object_component_ref idref="oc-1ab"/>
      </symbol>
      <symbol id="sm-761">
         <name>__aeabi_cdcmple</name>
         <value>0x3085</value>
         <object_component_ref idref="oc-1ab"/>
      </symbol>
      <symbol id="sm-762">
         <name>__aeabi_cdrcmple</name>
         <value>0x310b</value>
         <object_component_ref idref="oc-2de"/>
      </symbol>
      <symbol id="sm-77d">
         <name>memcpy</name>
         <value>0x2d9d</value>
         <object_component_ref idref="oc-5c"/>
      </symbol>
      <symbol id="sm-77e">
         <name>__aeabi_memcpy</name>
         <value>0x2d9d</value>
         <object_component_ref idref="oc-5c"/>
      </symbol>
      <symbol id="sm-77f">
         <name>__aeabi_memcpy8</name>
         <value>0x2d9d</value>
         <object_component_ref idref="oc-5c"/>
      </symbol>
      <symbol id="sm-780">
         <name>__aeabi_memcpy4</name>
         <value>0x2d9d</value>
         <object_component_ref idref="oc-5c"/>
      </symbol>
      <symbol id="sm-78f">
         <name>__aeabi_memset</name>
         <value>0x339b</value>
         <object_component_ref idref="oc-68"/>
      </symbol>
      <symbol id="sm-790">
         <name>memset</name>
         <value>0x33a1</value>
         <object_component_ref idref="oc-68"/>
      </symbol>
      <symbol id="sm-791">
         <name>__aeabi_memset8</name>
         <value>0x339b</value>
         <object_component_ref idref="oc-68"/>
      </symbol>
      <symbol id="sm-792">
         <name>__aeabi_memset4</name>
         <value>0x339b</value>
         <object_component_ref idref="oc-68"/>
      </symbol>
      <symbol id="sm-793">
         <name>__aeabi_memclr8</name>
         <value>0x3399</value>
         <object_component_ref idref="oc-68"/>
      </symbol>
      <symbol id="sm-794">
         <name>__aeabi_memclr4</name>
         <value>0x3399</value>
         <object_component_ref idref="oc-68"/>
      </symbol>
      <symbol id="sm-795">
         <name>__aeabi_memclr</name>
         <value>0x3399</value>
         <object_component_ref idref="oc-68"/>
      </symbol>
      <symbol id="sm-79f">
         <name>__mpu_init</name>
         <value>0x28c3</value>
         <object_component_ref idref="oc-74"/>
      </symbol>
      <symbol id="sm-7a9">
         <name>_system_pre_init</name>
         <value>0x4615</value>
         <object_component_ref idref="oc-7a"/>
      </symbol>
      <symbol id="sm-7c2">
         <name>sprintf</name>
         <value>0x3a6d</value>
         <object_component_ref idref="oc-1b0"/>
      </symbol>
      <symbol id="sm-7ca">
         <name>main_func_sp</name>
         <value>0x20007a1c</value>
         <object_component_ref idref="oc-92"/>
      </symbol>
      <symbol id="sm-7d9">
         <name>__aeabi_uidivmod</name>
         <value>0x40a5</value>
         <object_component_ref idref="oc-243"/>
      </symbol>
      <symbol id="sm-7da">
         <name>__aeabi_uidiv</name>
         <value>0x40a5</value>
         <object_component_ref idref="oc-243"/>
      </symbol>
      <symbol id="sm-7f3">
         <name>_nop</name>
         <value>0x4543</value>
         <object_component_ref idref="oc-13a"/>
      </symbol>
      <symbol id="sm-7f4">
         <name>_lock</name>
         <value>0x200079f8</value>
         <object_component_ref idref="oc-e6"/>
      </symbol>
      <symbol id="sm-7f5">
         <name>_unlock</name>
         <value>0x200079fc</value>
         <object_component_ref idref="oc-e6"/>
      </symbol>
      <symbol id="sm-7f6">
         <name>_register_lock</name>
         <value>0x453b</value>
         <object_component_ref idref="oc-13a"/>
      </symbol>
      <symbol id="sm-7f7">
         <name>_register_unlock</name>
         <value>0x4535</value>
         <object_component_ref idref="oc-13a"/>
      </symbol>
      <symbol id="sm-8f8">
         <name>__TI_printfi</name>
         <value>0xab1</value>
         <object_component_ref idref="oc-23a"/>
      </symbol>
      <symbol id="sm-90c">
         <name>_args_main</name>
         <value>0x44c5</value>
         <object_component_ref idref="oc-86"/>
      </symbol>
      <symbol id="sm-922">
         <name>atoi</name>
         <value>0x3d85</value>
         <object_component_ref idref="oc-30a"/>
      </symbol>
      <symbol id="sm-94c">
         <name>__TI_auto_init</name>
         <value>0x3571</value>
         <object_component_ref idref="oc-80"/>
      </symbol>
      <symbol id="sm-966">
         <name>copy_in</name>
         <value>0x3dd1</value>
         <object_component_ref idref="oc-cd"/>
      </symbol>
      <symbol id="sm-971">
         <name>_ctypes_</name>
         <value>0x47c8</value>
         <object_component_ref idref="oc-3e2"/>
      </symbol>
      <symbol id="sm-988">
         <name>__aeabi_dsub</name>
         <value>0x19d5</value>
         <object_component_ref idref="oc-2f3"/>
      </symbol>
      <symbol id="sm-989">
         <name>__aeabi_dadd</name>
         <value>0x19df</value>
         <object_component_ref idref="oc-2f3"/>
      </symbol>
      <symbol id="sm-99d">
         <name>__aeabi_ddiv</name>
         <value>0x1e31</value>
         <object_component_ref idref="oc-2d9"/>
      </symbol>
      <symbol id="sm-9a8">
         <name>__aeabi_dmul</name>
         <value>0x2415</value>
         <object_component_ref idref="oc-2d4"/>
      </symbol>
      <symbol id="sm-9b2">
         <name>__aeabi_d2iz</name>
         <value>0x3f41</value>
         <object_component_ref idref="oc-2e3"/>
      </symbol>
      <symbol id="sm-9bc">
         <name>__aeabi_idiv0</name>
         <value>0x21cf</value>
         <object_component_ref idref="oc-329"/>
      </symbol>
      <symbol id="sm-9c6">
         <name>__aeabi_i2d</name>
         <value>0x42d1</value>
         <object_component_ref idref="oc-2ee"/>
      </symbol>
      <symbol id="sm-9d5">
         <name>ltoa</name>
         <value>0x3c8d</value>
         <object_component_ref idref="oc-2e8"/>
      </symbol>
      <symbol id="sm-9e5">
         <name>memccpy</name>
         <value>0x4471</value>
         <object_component_ref idref="oc-310"/>
      </symbol>
      <symbol id="sm-a00">
         <name>frexpl</name>
         <value>0x39a9</value>
         <object_component_ref idref="oc-2f8"/>
      </symbol>
      <symbol id="sm-a01">
         <name>frexp</name>
         <value>0x39a9</value>
         <object_component_ref idref="oc-2f8"/>
      </symbol>
      <symbol id="sm-a1e">
         <name>scalbn</name>
         <value>0x2511</value>
         <object_component_ref idref="oc-2fe"/>
      </symbol>
      <symbol id="sm-a1f">
         <name>scalbnl</name>
         <value>0x2511</value>
         <object_component_ref idref="oc-2fe"/>
      </symbol>
      <symbol id="sm-a20">
         <name>ldexpl</name>
         <value>0x2511</value>
         <object_component_ref idref="oc-2fe"/>
      </symbol>
      <symbol id="sm-a21">
         <name>ldexp</name>
         <value>0x2511</value>
         <object_component_ref idref="oc-2fe"/>
      </symbol>
      <symbol id="sm-a2b">
         <name>_system_post_cinit</name>
         <value>0x2ed3</value>
         <object_component_ref idref="oc-d3"/>
      </symbol>
      <symbol id="sm-a3b">
         <name>strchr</name>
         <value>0x44f5</value>
         <object_component_ref idref="oc-304"/>
      </symbol>
      <symbol id="sm-a49">
         <name>strlen</name>
         <value>0x455d</value>
         <object_component_ref idref="oc-2ce"/>
      </symbol>
      <symbol id="sm-a65">
         <name>__aeabi_uldivmod</name>
         <value>0x17e1</value>
         <object_component_ref idref="oc-2c9"/>
      </symbol>
      <symbol id="sm-a6d">
         <name>errno</name>
         <value>0x20007a18</value>
         <object_component_ref idref="oc-3db"/>
      </symbol>
      <symbol id="sm-a77">
         <name>copysign</name>
         <value>0x4549</value>
         <object_component_ref idref="oc-3d5"/>
      </symbol>
      <symbol id="sm-a78">
         <name>copysignl</name>
         <value>0x4549</value>
         <object_component_ref idref="oc-3d5"/>
      </symbol>
      <symbol id="sm-a79">
         <name>__TI_static_base__</name>
         <value>0x0</value>
      </symbol>
      <symbol id="sm-a7c">
         <name>SHT$$INIT_ARRAY$$Limit</name>
         <value>0x0</value>
      </symbol>
      <symbol id="sm-a7d">
         <name>SHT$$INIT_ARRAY$$Base</name>
         <value>0x0</value>
      </symbol>
   </symbol_table>
   <title>Link successful</title>
</link_info>
